Archive member included because of file (symbol)

C:\Users\user\AppData\Local\Temp\VMicroBuilds\sketch\arduino_zero_native/core.a(cortex_handlers.c.o)
                              (Reset_Handler)
C:\Users\user\AppData\Local\Temp\VMicroBuilds\sketch\arduino_zero_native/core.a(delay.c.o)
                              C:\Users\user\AppData\Local\Temp\VMicroBuilds\sketch\arduino_zero_native\sketch.cpp.o (delay)
C:\Users\user\AppData\Local\Temp\VMicroBuilds\sketch\arduino_zero_native/core.a(hooks.c.o)
                              C:\Users\user\AppData\Local\Temp\VMicroBuilds\sketch\arduino_zero_native/core.a(delay.c.o) (yield)
C:\Users\user\AppData\Local\Temp\VMicroBuilds\sketch\arduino_zero_native/core.a(startup.c.o)
                              C:\Users\user\AppData\Local\Temp\VMicroBuilds\sketch\arduino_zero_native/core.a(cortex_handlers.c.o) (SystemInit)
C:\Users\user\AppData\Local\Temp\VMicroBuilds\sketch\arduino_zero_native/core.a(wiring.c.o)
                              C:\Users\user\AppData\Local\Temp\VMicroBuilds\sketch\arduino_zero_native/core.a(startup.c.o) (SystemCoreClock)
C:\Users\user\AppData\Local\Temp\VMicroBuilds\sketch\arduino_zero_native/core.a(wiring_analog.c.o)
                              C:\Users\user\AppData\Local\Temp\VMicroBuilds\sketch\arduino_zero_native/core.a(wiring.c.o) (analogReference)
C:\Users\user\AppData\Local\Temp\VMicroBuilds\sketch\arduino_zero_native/core.a(wiring_digital.c.o)
                              C:\Users\user\AppData\Local\Temp\VMicroBuilds\sketch\arduino_zero_native/core.a(wiring.c.o) (pinMode)
C:\Users\user\AppData\Local\Temp\VMicroBuilds\sketch\arduino_zero_native/core.a(wiring_private.c.o)
                              C:\Users\user\AppData\Local\Temp\VMicroBuilds\sketch\arduino_zero_native/core.a(wiring_analog.c.o) (pinPeripheral)
C:\Users\user\AppData\Local\Temp\VMicroBuilds\sketch\arduino_zero_native/core.a(main.cpp.o)
                              c:/users/user/appdata/local/arduino15/packages/arduino/tools/arm-none-eabi-gcc/4.8.3-2014q1/bin/../lib/gcc/arm-none-eabi/4.8.3/../../../../arm-none-eabi/lib/armv6-m/crt0.o (main)
C:\Users\user\AppData\Local\Temp\VMicroBuilds\sketch\arduino_zero_native/core.a(Print.cpp.o)
                              C:\Users\user\AppData\Local\Temp\VMicroBuilds\sketch\arduino_zero_native\sketch.cpp.o (Print::println(char const*))
C:\Users\user\AppData\Local\Temp\VMicroBuilds\sketch\arduino_zero_native/core.a(Reset.cpp.o)
                              C:\Users\user\AppData\Local\Temp\VMicroBuilds\sketch\arduino_zero_native/core.a(delay.c.o) (tickReset)
C:\Users\user\AppData\Local\Temp\VMicroBuilds\sketch\arduino_zero_native/core.a(Uart.cpp.o)
                              C:\Users\user\AppData\Local\Temp\VMicroBuilds\sketch\arduino_zero_native\sketch.cpp.o (Uart::begin(unsigned long))
C:\Users\user\AppData\Local\Temp\VMicroBuilds\sketch\arduino_zero_native/core.a(CDC.cpp.o)
                              C:\Users\user\AppData\Local\Temp\VMicroBuilds\sketch\arduino_zero_native\sketch.cpp.o (SerialUSB)
C:\Users\user\AppData\Local\Temp\VMicroBuilds\sketch\arduino_zero_native/core.a(USBCore.cpp.o)
                              C:\Users\user\AppData\Local\Temp\VMicroBuilds\sketch\arduino_zero_native/core.a(main.cpp.o) (USBDeviceClass::init())
C:\Users\user\AppData\Local\Temp\VMicroBuilds\sketch\arduino_zero_native/core.a(variant.cpp.o)
                              C:\Users\user\AppData\Local\Temp\VMicroBuilds\sketch\arduino_zero_native\sketch.cpp.o (Serial)
C:\Users\user\AppData\Local\Temp\VMicroBuilds\sketch\arduino_zero_native/core.a(abi.cpp.o)
                              C:\Users\user\AppData\Local\Temp\VMicroBuilds\sketch\arduino_zero_native/core.a(Print.cpp.o) (__cxa_pure_virtual)
C:\Users\user\AppData\Local\Temp\VMicroBuilds\sketch\arduino_zero_native/core.a(RingBuffer.cpp.o)
                              C:\Users\user\AppData\Local\Temp\VMicroBuilds\sketch\arduino_zero_native/core.a(Uart.cpp.o) (RingBuffer::RingBuffer())
C:\Users\user\AppData\Local\Temp\VMicroBuilds\sketch\arduino_zero_native/core.a(SERCOM.cpp.o)
                              C:\Users\user\AppData\Local\Temp\VMicroBuilds\sketch\arduino_zero_native/core.a(variant.cpp.o) (SERCOM::SERCOM(Sercom*))
C:\Users\user\AppData\Local\Temp\VMicroBuilds\sketch\arduino_zero_native/core.a(PluggableUSB.cpp.o)
                              C:\Users\user\AppData\Local\Temp\VMicroBuilds\sketch\arduino_zero_native/core.a(USBCore.cpp.o) (PluggableUSB_::getInterface(unsigned char*))
c:/users/user/appdata/local/arduino15/packages/arduino/tools/arm-none-eabi-gcc/4.8.3-2014q1/bin/../lib/gcc/arm-none-eabi/4.8.3/../../../../arm-none-eabi/lib/armv6-m\libm.a(lib_a-s_fpclassify.o)
                              C:\Users\user\AppData\Local\Temp\VMicroBuilds\sketch\arduino_zero_native/core.a(Print.cpp.o) (__fpclassifyd)
[...]
Memory Configuration

Name             Origin             Length             Attributes
FLASH            0x00002000         0x0003e000         xr
RAM              0x20000000         0x00008000         xrw
*default*        0x00000000         0xffffffff

Linker script and memory map

LOAD c:/users/user/appdata/local/arduino15/packages/arduino/tools/arm-none-eabi-gcc/4.8.3-2014q1/bin/../lib/gcc/arm-none-eabi/4.8.3/armv6-m/crti.o
LOAD c:/users/user/appdata/local/arduino15/packages/arduino/tools/arm-none-eabi-gcc/4.8.3-2014q1/bin/../lib/gcc/arm-none-eabi/4.8.3/armv6-m/crtbegin.o
LOAD c:/users/user/appdata/local/arduino15/packages/arduino/tools/arm-none-eabi-gcc/4.8.3-2014q1/bin/../lib/gcc/arm-none-eabi/4.8.3/../../../../arm-none-eabi/lib/armv6-m/crt0.o
LOAD C:\Users\user\AppData\Local\Temp\VMicroBuilds\sketch\arduino_zero_native\sketch.cpp.o
START GROUP
LOAD c:/users/user/appdata/local/arduino15/packages/arduino/tools/arm-none-eabi-gcc/4.8.3-2014q1/bin/../lib/gcc/arm-none-eabi/4.8.3/../../../../arm-none-eabi/lib/armv6-m\libm.a
LOAD C:\Users\user\AppData\Local\Temp\VMicroBuilds\sketch\arduino_zero_native/core.a
END GROUP
START GROUP
LOAD c:/users/user/appdata/local/arduino15/packages/arduino/tools/arm-none-eabi-gcc/4.8.3-2014q1/bin/../lib/gcc/arm-none-eabi/4.8.3/armv6-m\libgcc.a
LOAD c:/users/user/appdata/local/arduino15/packages/arduino/tools/arm-none-eabi-gcc/4.8.3-2014q1/bin/../lib/gcc/arm-none-eabi/4.8.3/../../../../arm-none-eabi/lib/armv6-m\libc_s.a
END GROUP
START GROUP
LOAD c:/users/user/appdata/local/arduino15/packages/arduino/tools/arm-none-eabi-gcc/4.8.3-2014q1/bin/../lib/gcc/arm-none-eabi/4.8.3/armv6-m\libgcc.a
LOAD c:/users/user/appdata/local/arduino15/packages/arduino/tools/arm-none-eabi-gcc/4.8.3-2014q1/bin/../lib/gcc/arm-none-eabi/4.8.3/../../../../arm-none-eabi/lib/armv6-m\libc_s.a
LOAD c:/users/user/appdata/local/arduino15/packages/arduino/tools/arm-none-eabi-gcc/4.8.3-2014q1/bin/../lib/gcc/arm-none-eabi/4.8.3/../../../../arm-none-eabi/lib/armv6-m\libnosys.a
END GROUP
START GROUP
LOAD c:/users/user/appdata/local/arduino15/packages/arduino/tools/arm-none-eabi-gcc/4.8.3-2014q1/bin/../lib/gcc/arm-none-eabi/4.8.3/armv6-m\libgcc.a
LOAD c:/users/user/appdata/local/arduino15/packages/arduino/tools/arm-none-eabi-gcc/4.8.3-2014q1/bin/../lib/gcc/arm-none-eabi/4.8.3/../../../../arm-none-eabi/lib/armv6-m\libc_s.a
LOAD c:/users/user/appdata/local/arduino15/packages/arduino/tools/arm-none-eabi-gcc/4.8.3-2014q1/bin/../lib/gcc/arm-none-eabi/4.8.3/../../../../arm-none-eabi/lib/armv6-m\libnosys.a
END GROUP
LOAD c:/users/user/appdata/local/arduino15/packages/arduino/tools/arm-none-eabi-gcc/4.8.3-2014q1/bin/../lib/gcc/arm-none-eabi/4.8.3/armv6-m/crtend.o
LOAD c:/users/user/appdata/local/arduino15/packages/arduino/tools/arm-none-eabi-gcc/4.8.3-2014q1/bin/../lib/gcc/arm-none-eabi/4.8.3/armv6-m/crtn.o

.text           0x00002000     0x212c
 *(.isr_vector)
 .isr_vector    0x00002000       0xb0 C:\Users\user\AppData\Local\Temp\VMicroBuilds\sketch\arduino_zero_native/core.a(cortex_handlers.c.o)
                0x00002000                exception_table
 *(.text*)
 .text          0x000020b0       0x60 c:/users/user/appdata/local/arduino15/packages/arduino/tools/arm-none-eabi-gcc/4.8.3-2014q1/bin/../lib/gcc/arm-none-eabi/4.8.3/armv6-m/crtbegin.o
 .text.loop     0x00002110       0x44 C:\Users\user\AppData\Local\Temp\VMicroBuilds\sketch\arduino_zero_native\sketch.cpp.o
                0x00002110                loop
 .text.setup    0x00002154       0x20 C:\Users\user\AppData\Local\Temp\VMicroBuilds\sketch\arduino_zero_native\sketch.cpp.o
                0x00002154                setup
 .text.Dummy_Handler
                0x00002174        0x2 C:\Users\user\AppData\Local\Temp\VMicroBuilds\sketch\arduino_zero_native/core.a(cortex_handlers.c.o)
                0x00002174                DMAC_Handler
                0x00002174                HardFault_Handler
                0x00002174                AC_Handler
                0x00002174                PendSV_Handler
                0x00002174                NMI_Handler
                0x00002174                TC7_Handler
                0x00002174                SERCOM1_Handler
                0x00002174                ADC_Handler
                0x00002174                TCC1_Handler
                0x00002174                SERCOM2_Handler
                0x00002174                TCC0_Handler
                0x00002174                RTC_Handler
                0x00002174                EIC_Handler
                0x00002174                TC6_Handler
                0x00002174                WDT_Handler
                0x00002174                TC4_Handler
                0x00002174                TC3_Handler
                0x00002174                Dummy_Handler
                0x00002174                PM_Handler
                0x00002174                SVC_Handler
                0x00002174                TCC2_Handler
                0x00002174                EVSYS_Handler
                0x00002174                SERCOM3_Handler
                0x00002174                SERCOM4_Handler
                0x00002174                I2S_Handler
                0x00002174                NVMCTRL_Handler
                0x00002174                DAC_Handler
                0x00002174                PTC_Handler
                0x00002174                SYSCTRL_Handler
 *fill*         0x00002176        0x2 
 .text.USB_Handler
                0x00002178       0x14 C:\Users\user\AppData\Local\Temp\VMicroBuilds\sketch\arduino_zero_native/core.a(cortex_handlers.c.o)
                0x00002178                USB_Handler
 .text.Reset_Handler
                0x0000218c       0x58 C:\Users\user\AppData\Local\Temp\VMicroBuilds\sketch\arduino_zero_native/core.a(cortex_handlers.c.o)
                0x0000218c                Reset_Handler
 .text.SysTick_Handler
                0x000021e4       0x10 C:\Users\user\AppData\Local\Temp\VMicroBuilds\sketch\arduino_zero_native/core.a(cortex_handlers.c.o)
                0x000021e4                SysTick_Handler
 .text.USB_SetHandler
                0x000021f4        0xc C:\Users\user\AppData\Local\Temp\VMicroBuilds\sketch\arduino_zero_native/core.a(cortex_handlers.c.o)
                0x000021f4                USB_SetHandler
 .text.delay    0x00002200       0x20 C:\Users\user\AppData\Local\Temp\VMicroBuilds\sketch\arduino_zero_native/core.a(delay.c.o)
                0x00002200                delay
 .text.SysTick_DefaultHandler
                0x00002220       0x14 C:\Users\user\AppData\Local\Temp\VMicroBuilds\sketch\arduino_zero_native/core.a(delay.c.o)
                0x00002220                SysTick_DefaultHandler
 .text.__empty  0x00002234        0x2 C:\Users\user\AppData\Local\Temp\VMicroBuilds\sketch\arduino_zero_native/core.a(hooks.c.o)
                0x00002234                yield
 .text.__false  0x00002236        0x4 C:\Users\user\AppData\Local\Temp\VMicroBuilds\sketch\arduino_zero_native/core.a(hooks.c.o)
                0x00002236                sysTickHook
 *fill*         0x0000223a        0x2 
 .text.SystemInit
                0x0000223c      0x16c C:\Users\user\AppData\Local\Temp\VMicroBuilds\sketch\arduino_zero_native/core.a(startup.c.o)
                0x0000223c                SystemInit
 .text.init     0x000023a8       0xe4 C:\Users\user\AppData\Local\Temp\VMicroBuilds\sketch\arduino_zero_native/core.a(wiring.c.o)
                0x000023a8                init
 .text.analogReference
                0x0000248c       0x5c C:\Users\user\AppData\Local\Temp\VMicroBuilds\sketch\arduino_zero_native/core.a(wiring_analog.c.o)
                0x0000248c                analogReference
 .text.pinMode  0x000024e8       0xb8 C:\Users\user\AppData\Local\Temp\VMicroBuilds\sketch\arduino_zero_native/core.a(wiring_digital.c.o)
                0x000024e8                pinMode
 .text.digitalWrite
                0x000025a0       0x44 C:\Users\user\AppData\Local\Temp\VMicroBuilds\sketch\arduino_zero_native/core.a(wiring_digital.c.o)
                0x000025a0                digitalWrite
 .text.pinPeripheral
                0x000025e4       0xc4 C:\Users\user\AppData\Local\Temp\VMicroBuilds\sketch\arduino_zero_native/core.a(wiring_private.c.o)
                0x000025e4                pinPeripheral
 .text._Z11initVariantv
                0x000026a8        0x2 C:\Users\user\AppData\Local\Temp\VMicroBuilds\sketch\arduino_zero_native/core.a(main.cpp.o)
                0x000026a8                initVariant()
 *fill*         0x000026aa        0x2 
 .text.startup.main
                0x000026ac       0x3c C:\Users\user\AppData\Local\Temp\VMicroBuilds\sketch\arduino_zero_native/core.a(main.cpp.o)
                0x000026ac                main
 .text._ZN5Print5writeEPKhj
                0x000026e8       0x28 C:\Users\user\AppData\Local\Temp\VMicroBuilds\sketch\arduino_zero_native/core.a(Print.cpp.o)
                0x000026e8                Print::write(unsigned char const*, unsigned int)
 .text._ZN5Print5writeEPKc
                0x00002710       0x1c C:\Users\user\AppData\Local\Temp\VMicroBuilds\sketch\arduino_zero_native/core.a(Print.cpp.o)
                0x00002710                Print::write(char const*)
 .text._ZN5Print7printlnEv
                0x0000272c       0x10 C:\Users\user\AppData\Local\Temp\VMicroBuilds\sketch\arduino_zero_native/core.a(Print.cpp.o)
                0x0000272c                Print::println()
 .text._ZN5Print7printlnEPKc
                0x0000273c       0x14 C:\Users\user\AppData\Local\Temp\VMicroBuilds\sketch\arduino_zero_native/core.a(Print.cpp.o)
                0x0000273c                Print::println(char const*)
 .text.initiateReset
                0x00002750        0xc C:\Users\user\AppData\Local\Temp\VMicroBuilds\sketch\arduino_zero_native/core.a(Reset.cpp.o)
                0x00002750                initiateReset
 .text.cancelReset
                0x0000275c       0x10 C:\Users\user\AppData\Local\Temp\VMicroBuilds\sketch\arduino_zero_native/core.a(Reset.cpp.o)
                0x0000275c                cancelReset
 .text.tickReset
                0x0000276c       0x5c C:\Users\user\AppData\Local\Temp\VMicroBuilds\sketch\arduino_zero_native/core.a(Reset.cpp.o)
                0x0000276c                tickReset
 .text._ZN4UartcvbEv
                0x000027c8        0x4 C:\Users\user\AppData\Local\Temp\VMicroBuilds\sketch\arduino_zero_native/core.a(Uart.cpp.o)
                0x000027c8                Uart::operator bool()
 .text._ZN4Uart5beginEm
                0x000027cc        0xc C:\Users\user\AppData\Local\Temp\VMicroBuilds\sketch\arduino_zero_native/core.a(Uart.cpp.o)
                0x000027cc                Uart::begin(unsigned long)
 .text._ZN4Uart3endEv
                0x000027d8       0x14 C:\Users\user\AppData\Local\Temp\VMicroBuilds\sketch\arduino_zero_native/core.a(Uart.cpp.o)
                0x000027d8                Uart::end()
 .text._ZN4Uart5flushEv
                0x000027ec        0xa C:\Users\user\AppData\Local\Temp\VMicroBuilds\sketch\arduino_zero_native/core.a(Uart.cpp.o)
                0x000027ec                Uart::flush()
 .text._ZN4Uart9availableEv
                0x000027f6        0xa C:\Users\user\AppData\Local\Temp\VMicroBuilds\sketch\arduino_zero_native/core.a(Uart.cpp.o)
                0x000027f6                Uart::available()
 .text._ZN4Uart4peekEv
                0x00002800        0xa C:\Users\user\AppData\Local\Temp\VMicroBuilds\sketch\arduino_zero_native/core.a(Uart.cpp.o)
                0x00002800                Uart::peek()
 .text._ZN4Uart4readEv
                0x0000280a        0xa C:\Users\user\AppData\Local\Temp\VMicroBuilds\sketch\arduino_zero_native/core.a(Uart.cpp.o)
                0x0000280a                Uart::read()
 .text._ZN4Uart5writeEh
                0x00002814        0xc C:\Users\user\AppData\Local\Temp\VMicroBuilds\sketch\arduino_zero_native/core.a(Uart.cpp.o)
                0x00002814                Uart::write(unsigned char)
 .text._ZN4UartC2EP6SERCOMhh11SercomRXPad15SercomUartTXPad
                0x00002820       0x48 C:\Users\user\AppData\Local\Temp\VMicroBuilds\sketch\arduino_zero_native/core.a(Uart.cpp.o)
                0x00002820                Uart::Uart(SERCOM*, unsigned char, unsigned char, SercomRXPad, SercomUartTXPad)
                0x00002820                Uart::Uart(SERCOM*, unsigned char, unsigned char, SercomRXPad, SercomUartTXPad)
 .text._ZN4Uart10IrqHandlerEv
                0x00002868       0x36 C:\Users\user\AppData\Local\Temp\VMicroBuilds\sketch\arduino_zero_native/core.a(Uart.cpp.o)
                0x00002868                Uart::IrqHandler()
 .text._ZN4Uart16extractNbStopBitEt
                0x0000289e        0xe C:\Users\user\AppData\Local\Temp\VMicroBuilds\sketch\arduino_zero_native/core.a(Uart.cpp.o)
                0x0000289e                Uart::extractNbStopBit(unsigned short)
 .text._ZN4Uart15extractCharSizeEt
                0x000028ac       0x2c C:\Users\user\AppData\Local\Temp\VMicroBuilds\sketch\arduino_zero_native/core.a(Uart.cpp.o)
                0x000028ac                Uart::extractCharSize(unsigned short)
 .text._ZN4Uart13extractParityEt
                0x000028d8       0x18 C:\Users\user\AppData\Local\Temp\VMicroBuilds\sketch\arduino_zero_native/core.a(Uart.cpp.o)
                0x000028d8                Uart::extractParity(unsigned short)
 .text._ZN4Uart5beginEmt
                0x000028f0       0x88 C:\Users\user\AppData\Local\Temp\VMicroBuilds\sketch\arduino_zero_native/core.a(Uart.cpp.o)
                0x000028f0                Uart::begin(unsigned long, unsigned short)
 .text._ZN7Serial_4peekEv
                0x00002978       0x2c C:\Users\user\AppData\Local\Temp\VMicroBuilds\sketch\arduino_zero_native/core.a(CDC.cpp.o)
                0x00002978                Serial_::peek()
 .text._ZN7Serial_5writeEh
                0x000029a4       0x14 C:\Users\user\AppData\Local\Temp\VMicroBuilds\sketch\arduino_zero_native/core.a(CDC.cpp.o)
                0x000029a4                Serial_::write(unsigned char)
 .text._ZN7Serial_6acceptEv
                0x000029b8       0x68 C:\Users\user\AppData\Local\Temp\VMicroBuilds\sketch\arduino_zero_native/core.a(CDC.cpp.o)
                0x000029b8                Serial_::accept()
 .text._ZN7Serial_4readEv
                0x00002a20       0x68 C:\Users\user\AppData\Local\Temp\VMicroBuilds\sketch\arduino_zero_native/core.a(CDC.cpp.o)
                0x00002a20                Serial_::read()
 .text._ZN7Serial_5flushEv
                0x00002a88        0xc C:\Users\user\AppData\Local\Temp\VMicroBuilds\sketch\arduino_zero_native/core.a(CDC.cpp.o)
                0x00002a88                Serial_::flush()
 .text._ZN7Serial_9availableEv
                0x00002a94       0x3c C:\Users\user\AppData\Local\Temp\VMicroBuilds\sketch\arduino_zero_native/core.a(CDC.cpp.o)
                0x00002a94                Serial_::available()
 .text._ZN7Serial_5writeEPKhj
                0x00002ad0       0x2c C:\Users\user\AppData\Local\Temp\VMicroBuilds\sketch\arduino_zero_native/core.a(CDC.cpp.o)
                0x00002ad0                Serial_::write(unsigned char const*, unsigned int)
 .text._Z16CDC_GetInterfacePh
                0x00002afc       0x1c C:\Users\user\AppData\Local\Temp\VMicroBuilds\sketch\arduino_zero_native/core.a(CDC.cpp.o)
                0x00002afc                CDC_GetInterface(unsigned char*)
 .text._Z9CDC_SetupR8USBSetup
                0x00002b18       0x80 C:\Users\user\AppData\Local\Temp\VMicroBuilds\sketch\arduino_zero_native/core.a(CDC.cpp.o)
                0x00002b18                CDC_Setup(USBSetup&)
 .text.startup._GLOBAL__sub_I_cdc_rx_buffer
                0x00002b98       0x24 C:\Users\user\AppData\Local\Temp\VMicroBuilds\sketch\arduino_zero_native/core.a(CDC.cpp.o)
 .text._ZN14USBDeviceClass6initEPEmm.part.1
                0x00002bbc       0x80 C:\Users\user\AppData\Local\Temp\VMicroBuilds\sketch\arduino_zero_native/core.a(USBCore.cpp.o)
 .text._ZN20USBDevice_SAMD21G18x5resetEv
                0x00002c3c       0x28 C:\Users\user\AppData\Local\Temp\VMicroBuilds\sketch\arduino_zero_native/core.a(USBCore.cpp.o)
                0x00002c3c                USBDevice_SAMD21G18x::reset()
 .text._ZN20USBDevice_SAMD21G18x9calibrateEv
                0x00002c64       0x5c C:\Users\user\AppData\Local\Temp\VMicroBuilds\sketch\arduino_zero_native/core.a(USBCore.cpp.o)
                0x00002c64                USBDevice_SAMD21G18x::calibrate()
 .text._ZN14USBDeviceClass14SendInterfacesEPm
                0x00002cc0       0x2c C:\Users\user\AppData\Local\Temp\VMicroBuilds\sketch\arduino_zero_native/core.a(USBCore.cpp.o)
                0x00002cc0                USBDeviceClass::SendInterfaces(unsigned long*)
 .text._ZN14USBDeviceClass4initEv
                0x00002cec       0xf0 C:\Users\user\AppData\Local\Temp\VMicroBuilds\sketch\arduino_zero_native/core.a(USBCore.cpp.o)
                0x00002cec                USBDeviceClass::init()
 .text._ZN14USBDeviceClass6attachEv
                0x00002ddc       0x34 C:\Users\user\AppData\Local\Temp\VMicroBuilds\sketch\arduino_zero_native/core.a(USBCore.cpp.o)
                0x00002ddc                USBDeviceClass::attach()
 .text._ZN14USBDeviceClass10setAddressEm
                0x00002e10       0x48 C:\Users\user\AppData\Local\Temp\VMicroBuilds\sketch\arduino_zero_native/core.a(USBCore.cpp.o)
                0x00002e10                USBDeviceClass::setAddress(unsigned long)
 .text._ZN14USBDeviceClass25handleClassInterfaceSetupER8USBSetup
                0x00002e58       0x40 C:\Users\user\AppData\Local\Temp\VMicroBuilds\sketch\arduino_zero_native/core.a(USBCore.cpp.o)
                0x00002e58                USBDeviceClass::handleClassInterfaceSetup(USBSetup&)
 .text._ZN14USBDeviceClass6initEPEmm
                0x00002e98       0xe4 C:\Users\user\AppData\Local\Temp\VMicroBuilds\sketch\arduino_zero_native/core.a(USBCore.cpp.o)
                0x00002e98                USBDeviceClass::initEP(unsigned long, unsigned long)
 .text._ZN14USBDeviceClass13initEndpointsEv
                0x00002f7c       0x24 C:\Users\user\AppData\Local\Temp\VMicroBuilds\sketch\arduino_zero_native/core.a(USBCore.cpp.o)
                0x00002f7c                USBDeviceClass::initEndpoints()
 .text._ZN14USBDeviceClass5flushEm
                0x00002fa0       0x2c C:\Users\user\AppData\Local\Temp\VMicroBuilds\sketch\arduino_zero_native/core.a(USBCore.cpp.o)
                0x00002fa0                USBDeviceClass::flush(unsigned long)
 .text._ZN14USBDeviceClass9availableEm
                0x00002fcc       0x14 C:\Users\user\AppData\Local\Temp\VMicroBuilds\sketch\arduino_zero_native/core.a(USBCore.cpp.o)
                0x00002fcc                USBDeviceClass::available(unsigned long)
 .text._ZN14USBDeviceClass14armRecvCtrlOUTEm
                0x00002fe0       0x60 C:\Users\user\AppData\Local\Temp\VMicroBuilds\sketch\arduino_zero_native/core.a(USBCore.cpp.o)
                0x00002fe0                USBDeviceClass::armRecvCtrlOUT(unsigned long)
 .text._ZN14USBDeviceClass11recvControlEPvm
                0x00003040       0x3c C:\Users\user\AppData\Local\Temp\VMicroBuilds\sketch\arduino_zero_native/core.a(USBCore.cpp.o)
                0x00003040                USBDeviceClass::recvControl(void*, unsigned long)
 .text._ZN14USBDeviceClass7armRecvEm
                0x0000307c       0x3c C:\Users\user\AppData\Local\Temp\VMicroBuilds\sketch\arduino_zero_native/core.a(USBCore.cpp.o)
                0x0000307c                USBDeviceClass::armRecv(unsigned long)
 .text._ZN14USBDeviceClass4recvEmPvm
                0x000030b8       0xa8 C:\Users\user\AppData\Local\Temp\VMicroBuilds\sketch\arduino_zero_native/core.a(USBCore.cpp.o)
                0x000030b8                USBDeviceClass::recv(unsigned long, void*, unsigned long)
 .text._ZN14USBDeviceClass4sendEmPKvm
                0x00003160       0xb4 C:\Users\user\AppData\Local\Temp\VMicroBuilds\sketch\arduino_zero_native/core.a(USBCore.cpp.o)
                0x00003160                USBDeviceClass::send(unsigned long, void const*, unsigned long)
 .text._ZN14USBDeviceClass7armSendEmPKvm
                0x00003214       0x48 C:\Users\user\AppData\Local\Temp\VMicroBuilds\sketch\arduino_zero_native/core.a(USBCore.cpp.o)
                0x00003214                USBDeviceClass::armSend(unsigned long, void const*, unsigned long)
 .text._ZN14USBDeviceClass11sendControlEPKvm
                0x0000325c       0x58 C:\Users\user\AppData\Local\Temp\VMicroBuilds\sketch\arduino_zero_native/core.a(USBCore.cpp.o)
                0x0000325c                USBDeviceClass::sendControl(void const*, unsigned long)
 .text._ZN14USBDeviceClass20sendStringDescriptorEPKhh
                0x000032b4       0x68 C:\Users\user\AppData\Local\Temp\VMicroBuilds\sketch\arduino_zero_native/core.a(USBCore.cpp.o)
                0x000032b4                USBDeviceClass::sendStringDescriptor(unsigned char const*, unsigned char)
 .text._ZN14USBDeviceClass12packMessagesEb.part.3
                0x0000331c       0x20 C:\Users\user\AppData\Local\Temp\VMicroBuilds\sketch\arduino_zero_native/core.a(USBCore.cpp.o)
 .text._ZN14USBDeviceClass17sendConfigurationEm
                0x0000333c       0x90 C:\Users\user\AppData\Local\Temp\VMicroBuilds\sketch\arduino_zero_native/core.a(USBCore.cpp.o)
                0x0000333c                USBDeviceClass::sendConfiguration(unsigned long)
 .text._ZN14USBDeviceClass14sendDescriptorER8USBSetup
                0x000033cc       0xb4 C:\Users\user\AppData\Local\Temp\VMicroBuilds\sketch\arduino_zero_native/core.a(USBCore.cpp.o)
                0x000033cc                USBDeviceClass::sendDescriptor(USBSetup&)
 .text._ZN14USBDeviceClass19handleStandardSetupER8USBSetup
                0x00003480      0x11c C:\Users\user\AppData\Local\Temp\VMicroBuilds\sketch\arduino_zero_native/core.a(USBCore.cpp.o)
                0x00003480                USBDeviceClass::handleStandardSetup(USBSetup&)
 .text.startup._GLOBAL__sub_I__ZN20USBDevice_SAMD21G18x5resetEv
                0x0000359c       0x10 C:\Users\user\AppData\Local\Temp\VMicroBuilds\sketch\arduino_zero_native/core.a(USBCore.cpp.o)
 .text._ZN14USBDeviceClass14handleEndpointEh
                0x000035ac       0x5c C:\Users\user\AppData\Local\Temp\VMicroBuilds\sketch\arduino_zero_native/core.a(USBCore.cpp.o)
                0x000035ac                USBDeviceClass::handleEndpoint(unsigned char)
 .text._ZN14USBDeviceClass10ISRHandlerEv
                0x00003608      0x140 C:\Users\user\AppData\Local\Temp\VMicroBuilds\sketch\arduino_zero_native/core.a(USBCore.cpp.o)
                0x00003608                USBDeviceClass::ISRHandler()
 .text.UDD_Handler
                0x00003748       0x10 C:\Users\user\AppData\Local\Temp\VMicroBuilds\sketch\arduino_zero_native/core.a(USBCore.cpp.o)
                0x00003748                UDD_Handler
 .text.SERCOM0_Handler
                0x00003758       0x10 C:\Users\user\AppData\Local\Temp\VMicroBuilds\sketch\arduino_zero_native/core.a(variant.cpp.o)
                0x00003758                SERCOM0_Handler
 .text.SERCOM5_Handler
                0x00003768       0x10 C:\Users\user\AppData\Local\Temp\VMicroBuilds\sketch\arduino_zero_native/core.a(variant.cpp.o)
                0x00003768                SERCOM5_Handler
 .text.startup._GLOBAL__sub_I_g_APinDescription
                0x00003778       0x94 C:\Users\user\AppData\Local\Temp\VMicroBuilds\sketch\arduino_zero_native/core.a(variant.cpp.o)
 .text._ZN10RingBufferC2Ev
                0x0000380c       0x16 C:\Users\user\AppData\Local\Temp\VMicroBuilds\sketch\arduino_zero_native/core.a(RingBuffer.cpp.o)
                0x0000380c                RingBuffer::RingBuffer()
                0x0000380c                RingBuffer::RingBuffer()
 .text._ZN10RingBuffer10store_charEh
                0x00003822       0x16 C:\Users\user\AppData\Local\Temp\VMicroBuilds\sketch\arduino_zero_native/core.a(RingBuffer.cpp.o)
                0x00003822                RingBuffer::store_char(unsigned char)
 .text._ZN10RingBuffer5clearEv
                0x00003838        0x8 C:\Users\user\AppData\Local\Temp\VMicroBuilds\sketch\arduino_zero_native/core.a(RingBuffer.cpp.o)
                0x00003838                RingBuffer::clear()
 .text._ZN10RingBuffer9read_charEv
                0x00003840       0x1c C:\Users\user\AppData\Local\Temp\VMicroBuilds\sketch\arduino_zero_native/core.a(RingBuffer.cpp.o)
                0x00003840                RingBuffer::read_char()
 .text._ZN10RingBuffer9availableEv
                0x0000385c        0xc C:\Users\user\AppData\Local\Temp\VMicroBuilds\sketch\arduino_zero_native/core.a(RingBuffer.cpp.o)
                0x0000385c                RingBuffer::available()
 .text._ZN10RingBuffer4peekEv
                0x00003868       0x12 C:\Users\user\AppData\Local\Temp\VMicroBuilds\sketch\arduino_zero_native/core.a(RingBuffer.cpp.o)
                0x00003868                RingBuffer::peek()
 .text._ZN6SERCOMC2EP6Sercom
                0x0000387a        0x4 C:\Users\user\AppData\Local\Temp\VMicroBuilds\sketch\arduino_zero_native/core.a(SERCOM.cpp.o)
                0x0000387a                SERCOM::SERCOM(Sercom*)
                0x0000387a                SERCOM::SERCOM(Sercom*)
 .text._ZN6SERCOM9initFrameE18SercomUartCharSize15SercomDataOrder16SercomParityMode19SercomNumberStopBit
                0x0000387e       0x38 C:\Users\user\AppData\Local\Temp\VMicroBuilds\sketch\arduino_zero_native/core.a(SERCOM.cpp.o)
                0x0000387e                SERCOM::initFrame(SercomUartCharSize, SercomDataOrder, SercomParityMode, SercomNumberStopBit)
 .text._ZN6SERCOM8initPadsE15SercomUartTXPad11SercomRXPad
                0x000038b6       0x26 C:\Users\user\AppData\Local\Temp\VMicroBuilds\sketch\arduino_zero_native/core.a(SERCOM.cpp.o)
                0x000038b6                SERCOM::initPads(SercomUartTXPad, SercomRXPad)
 .text._ZN6SERCOM9resetUARTEv
                0x000038dc       0x1c C:\Users\user\AppData\Local\Temp\VMicroBuilds\sketch\arduino_zero_native/core.a(SERCOM.cpp.o)
                0x000038dc                SERCOM::resetUART()
 .text._ZN6SERCOM10enableUARTEv
                0x000038f8       0x14 C:\Users\user\AppData\Local\Temp\VMicroBuilds\sketch\arduino_zero_native/core.a(SERCOM.cpp.o)
                0x000038f8                SERCOM::enableUART()
 .text._ZN6SERCOM9flushUARTEv
                0x0000390c        0xa C:\Users\user\AppData\Local\Temp\VMicroBuilds\sketch\arduino_zero_native/core.a(SERCOM.cpp.o)
                0x0000390c                SERCOM::flushUART()
 .text._ZN6SERCOM15clearStatusUARTEv
                0x00003916        0x8 C:\Users\user\AppData\Local\Temp\VMicroBuilds\sketch\arduino_zero_native/core.a(SERCOM.cpp.o)
                0x00003916                SERCOM::clearStatusUART()
 .text._ZN6SERCOM17availableDataUARTEv
                0x0000391e        0xa C:\Users\user\AppData\Local\Temp\VMicroBuilds\sketch\arduino_zero_native/core.a(SERCOM.cpp.o)
                0x0000391e                SERCOM::availableDataUART()
 .text._ZN6SERCOM11isUARTErrorEv
                0x00003928        0x8 C:\Users\user\AppData\Local\Temp\VMicroBuilds\sketch\arduino_zero_native/core.a(SERCOM.cpp.o)
                0x00003928                SERCOM::isUARTError()
 .text._ZN6SERCOM20acknowledgeUARTErrorEv
                0x00003930        0xe C:\Users\user\AppData\Local\Temp\VMicroBuilds\sketch\arduino_zero_native/core.a(SERCOM.cpp.o)
                0x00003930                SERCOM::acknowledgeUARTError()
 .text._ZN6SERCOM12readDataUARTEv
                0x0000393e        0x8 C:\Users\user\AppData\Local\Temp\VMicroBuilds\sketch\arduino_zero_native/core.a(SERCOM.cpp.o)
                0x0000393e                SERCOM::readDataUART()
 .text._ZN6SERCOM13writeDataUARTEh
                0x00003946        0xe C:\Users\user\AppData\Local\Temp\VMicroBuilds\sketch\arduino_zero_native/core.a(SERCOM.cpp.o)
                0x00003946                SERCOM::writeDataUART(unsigned char)
 .text._ZN6SERCOM13initClockNVICEv
                0x00003954       0xac C:\Users\user\AppData\Local\Temp\VMicroBuilds\sketch\arduino_zero_native/core.a(SERCOM.cpp.o)
                0x00003954                SERCOM::initClockNVIC()
 .text._ZN6SERCOM8initUARTE14SercomUartMode20SercomUartSampleRatem
                0x00003a00       0x6c C:\Users\user\AppData\Local\Temp\VMicroBuilds\sketch\arduino_zero_native/core.a(SERCOM.cpp.o)
                0x00003a00                SERCOM::initUART(SercomUartMode, SercomUartSampleRate, unsigned long)
 .text._ZN13PluggableUSB_12getInterfaceEPh
                0x00003a6c       0x2a C:\Users\user\AppData\Local\Temp\VMicroBuilds\sketch\arduino_zero_native/core.a(PluggableUSB.cpp.o)
                0x00003a6c                PluggableUSB_::getInterface(unsigned char*)
 .text._ZN13PluggableUSB_13getDescriptorER8USBSetup
                0x00003a96       0x20 C:\Users\user\AppData\Local\Temp\VMicroBuilds\sketch\arduino_zero_native/core.a(PluggableUSB.cpp.o)
                0x00003a96                PluggableUSB_::getDescriptor(USBSetup&)
 .text._ZN13PluggableUSB_12getShortNameEPc
                0x00003ab6       0x1e C:\Users\user\AppData\Local\Temp\VMicroBuilds\sketch\arduino_zero_native/core.a(PluggableUSB.cpp.o)
                0x00003ab6                PluggableUSB_::getShortName(char*)
 .text._ZN13PluggableUSB_5setupER8USBSetup
                0x00003ad4       0x24 C:\Users\user\AppData\Local\Temp\VMicroBuilds\sketch\arduino_zero_native/core.a(PluggableUSB.cpp.o)
                0x00003ad4                PluggableUSB_::setup(USBSetup&)
 .text._Z12PluggableUSBv
                0x00003af8       0x24 C:\Users\user\AppData\Local\Temp\VMicroBuilds\sketch\arduino_zero_native/core.a(PluggableUSB.cpp.o)
                0x00003af8                PluggableUSB()
 .text          0x00003b1c       0x14 c:/users/user/appdata/local/arduino15/packages/arduino/tools/arm-none-eabi-gcc/4.8.3-2014q1/bin/../lib/gcc/arm-none-eabi/4.8.3/armv6-m\libgcc.a(_thumb1_case_uqi.o)
                0x00003b1c                __gnu_thumb1_case_uqi
 .text          0x00003b30       0x9c c:/users/user/appdata/local/arduino15/packages/arduino/tools/arm-none-eabi-gcc/4.8.3-2014q1/bin/../lib/gcc/arm-none-eabi/4.8.3/armv6-m\libgcc.a(_udivsi3.o)
                0x00003b30                __aeabi_uidiv
                0x00003b30                __udivsi3
                0x00003bb8                __aeabi_uidivmod
 .text          0x00003bcc        0x4 c:/users/user/appdata/local/arduino15/packages/arduino/tools/arm-none-eabi-gcc/4.8.3-2014q1/bin/../lib/gcc/arm-none-eabi/4.8.3/armv6-m\libgcc.a(_dvmd_tls.o)
                0x00003bcc                __aeabi_idiv0
                0x00003bcc                __aeabi_ldiv0
 .text.__libc_init_array
                0x00003bd0       0x4c c:/users/user/appdata/local/arduino15/packages/arduino/tools/arm-none-eabi-gcc/4.8.3-2014q1/bin/../lib/gcc/arm-none-eabi/4.8.3/../../../../arm-none-eabi/lib/armv6-m\libc_s.a(lib_a-init.o)
                0x00003bd0                __libc_init_array
 .text.memcpy   0x00003c1c       0x12 c:/users/user/appdata/local/arduino15/packages/arduino/tools/arm-none-eabi-gcc/4.8.3-2014q1/bin/../lib/gcc/arm-none-eabi/4.8.3/../../../../arm-none-eabi/lib/armv6-m\libc_s.a(lib_a-memcpy-stub.o)
                0x00003c1c                memcpy
 .text.memset   0x00003c2e       0x10 c:/users/user/appdata/local/arduino15/packages/arduino/tools/arm-none-eabi-gcc/4.8.3-2014q1/bin/../lib/gcc/arm-none-eabi/4.8.3/../../../../arm-none-eabi/lib/armv6-m\libc_s.a(lib_a-memset.o)
                0x00003c2e                memset
 .text.strlen   0x00003c3e        0xe c:/users/user/appdata/local/arduino15/packages/arduino/tools/arm-none-eabi-gcc/4.8.3-2014q1/bin/../lib/gcc/arm-none-eabi/4.8.3/../../../../arm-none-eabi/lib/armv6-m\libc_s.a(lib_a-strlen.o)
                0x00003c3e                strlen
 *(.init)
 .init          0x00003c4c        0x4 c:/users/user/appdata/local/arduino15/packages/arduino/tools/arm-none-eabi-gcc/4.8.3-2014q1/bin/../lib/gcc/arm-none-eabi/4.8.3/armv6-m/crti.o
                0x00003c4c                _init
 .init          0x00003c50        0x8 c:/users/user/appdata/local/arduino15/packages/arduino/tools/arm-none-eabi-gcc/4.8.3-2014q1/bin/../lib/gcc/arm-none-eabi/4.8.3/armv6-m/crtn.o
 *(.fini)
 .fini          0x00003c58        0x4 c:/users/user/appdata/local/arduino15/packages/arduino/tools/arm-none-eabi-gcc/4.8.3-2014q1/bin/../lib/gcc/arm-none-eabi/4.8.3/armv6-m/crti.o
                0x00003c58                _fini
 .fini          0x00003c5c        0x8 c:/users/user/appdata/local/arduino15/packages/arduino/tools/arm-none-eabi-gcc/4.8.3-2014q1/bin/../lib/gcc/arm-none-eabi/4.8.3/armv6-m/crtn.o
 *crtbegin.o(.ctors)
 *crtbegin?.o(.ctors)
 *(EXCLUDE_FILE(*crtend.o *crtend?.o) .ctors)
 *(SORT(.ctors.*))
 *(.ctors)
 *crtbegin.o(.dtors)
 *crtbegin?.o(.dtors)
 *(EXCLUDE_FILE(*crtend.o *crtend?.o) .dtors)
 *(SORT(.dtors.*))
 *(.dtors)
 *(.rodata*)
 .rodata.str1.1
                0x00003c64        0x6 C:\Users\user\AppData\Local\Temp\VMicroBuilds\sketch\arduino_zero_native\sketch.cpp.o
 .rodata.str1.1
                0x00003c6a       0x11 C:\Users\user\AppData\Local\Temp\VMicroBuilds\sketch\arduino_zero_native/core.a(Print.cpp.o)
 *fill*         0x00003c7b        0x5 
 .rodata._ZTV4Uart
                0x00003c80       0x30 C:\Users\user\AppData\Local\Temp\VMicroBuilds\sketch\arduino_zero_native/core.a(Uart.cpp.o)
                0x00003c80                vtable for Uart
 .rodata._ZTV7Serial_
                0x00003cb0       0x28 C:\Users\user\AppData\Local\Temp\VMicroBuilds\sketch\arduino_zero_native/core.a(CDC.cpp.o)
                0x00003cb0                vtable for Serial_
 .rodata._ZL15STRING_LANGUAGE
                0x00003cd8        0x4 C:\Users\user\AppData\Local\Temp\VMicroBuilds\sketch\arduino_zero_native/core.a(USBCore.cpp.o)
 .rodata._ZL19STRING_MANUFACTURER
                0x00003cdc        0xc C:\Users\user\AppData\Local\Temp\VMicroBuilds\sketch\arduino_zero_native/core.a(USBCore.cpp.o)
 .rodata._ZL21USB_DeviceDescriptorB
                0x00003ce8       0x12 C:\Users\user\AppData\Local\Temp\VMicroBuilds\sketch\arduino_zero_native/core.a(USBCore.cpp.o)
 .rodata._ZL14STRING_PRODUCT
                0x00003cfa        0xd C:\Users\user\AppData\Local\Temp\VMicroBuilds\sketch\arduino_zero_native/core.a(USBCore.cpp.o)
 *fill*         0x00003d07        0x1 
 .rodata.g_APinDescription
                0x00003d08      0x420 C:\Users\user\AppData\Local\Temp\VMicroBuilds\sketch\arduino_zero_native/core.a(variant.cpp.o)
                0x00003d08                g_APinDescription
 *(.eh_frame*)
 .eh_frame      0x00004128        0x0 c:/users/user/appdata/local/arduino15/packages/arduino/tools/arm-none-eabi-gcc/4.8.3-2014q1/bin/../lib/gcc/arm-none-eabi/4.8.3/armv6-m/crtbegin.o
 .eh_frame      0x00004128        0x4 c:/users/user/appdata/local/arduino15/packages/arduino/tools/arm-none-eabi-gcc/4.8.3-2014q1/bin/../lib/gcc/arm-none-eabi/4.8.3/armv6-m/crtend.o

.glue_7         0x0000412c        0x0
 .glue_7        0x00000000        0x0 linker stubs

.glue_7t        0x0000412c        0x0
 .glue_7t       0x00000000        0x0 linker stubs

.vfp11_veneer   0x0000412c        0x0
 .vfp11_veneer  0x00000000        0x0 linker stubs

.v4_bx          0x0000412c        0x0
 .v4_bx         0x00000000        0x0 linker stubs

.iplt           0x0000412c        0x0
 .iplt          0x00000000        0x0 c:/users/user/appdata/local/arduino15/packages/arduino/tools/arm-none-eabi-gcc/4.8.3-2014q1/bin/../lib/gcc/arm-none-eabi/4.8.3/armv6-m/crtbegin.o

.rel.dyn        0x0000412c        0x0
 .rel.iplt      0x00000000        0x0 c:/users/user/appdata/local/arduino15/packages/arduino/tools/arm-none-eabi-gcc/4.8.3-2014q1/bin/../lib/gcc/arm-none-eabi/4.8.3/armv6-m/crtbegin.o

.ARM.extab
 *(.ARM.extab* .gnu.linkonce.armextab.*)
                0x0000412c                __exidx_start = .

.ARM.exidx
 *(.ARM.exidx* .gnu.linkonce.armexidx.*)
                0x0000412c                __exidx_end = .
                0x0000412c                __etext = .

.data           0x20000000       0xa4 load address 0x0000412c
                0x20000000                __data_start__ = .
 *(vtable)
 *(.data*)
 .data.clrPin   0x20000000        0x4 C:\Users\user\AppData\Local\Temp\VMicroBuilds\sketch\arduino_zero_native\sketch.cpp.o
                0x20000000                clrPin
 .data.setPin   0x20000004        0x4 C:\Users\user\AppData\Local\Temp\VMicroBuilds\sketch\arduino_zero_native\sketch.cpp.o
                0x20000004                setPin
 .data.dirPin   0x20000008        0x4 C:\Users\user\AppData\Local\Temp\VMicroBuilds\sketch\arduino_zero_native\sketch.cpp.o
                0x20000008                dirPin
 .data.SystemCoreClock
                0x2000000c        0x4 C:\Users\user\AppData\Local\Temp\VMicroBuilds\sketch\arduino_zero_native/core.a(wiring.c.o)
                0x2000000c                SystemCoreClock
 .data._ZL5ticks
                0x20000010        0x4 C:\Users\user\AppData\Local\Temp\VMicroBuilds\sketch\arduino_zero_native/core.a(Reset.cpp.o)
 .data._ZL10breakValue
                0x20000014        0x4 C:\Users\user\AppData\Local\Temp\VMicroBuilds\sketch\arduino_zero_native/core.a(CDC.cpp.o)
 .data._ZL13_cdcInterface
                0x20000018       0x42 C:\Users\user\AppData\Local\Temp\VMicroBuilds\sketch\arduino_zero_native/core.a(CDC.cpp.o)
 *fill*         0x2000005a        0x2 
 .data._ZL12_usbLineInfo
                0x2000005c        0x8 C:\Users\user\AppData\Local\Temp\VMicroBuilds\sketch\arduino_zero_native/core.a(CDC.cpp.o)
 .data.EndPoints
                0x20000064       0x28 C:\Users\user\AppData\Local\Temp\VMicroBuilds\sketch\arduino_zero_native/core.a(USBCore.cpp.o)
                0x20000064                EndPoints
                0x2000008c                . = ALIGN (0x4)
                0x2000008c                PROVIDE (__preinit_array_start, .)
 *(.preinit_array)
                0x2000008c                PROVIDE (__preinit_array_end, .)
                0x2000008c                . = ALIGN (0x4)
                0x2000008c                PROVIDE (__init_array_start, .)
 *(SORT(.init_array.*))
 *(.init_array)
 .init_array    0x2000008c        0x4 c:/users/user/appdata/local/arduino15/packages/arduino/tools/arm-none-eabi-gcc/4.8.3-2014q1/bin/../lib/gcc/arm-none-eabi/4.8.3/armv6-m/crtbegin.o
 .init_array    0x20000090        0x4 C:\Users\user\AppData\Local\Temp\VMicroBuilds\sketch\arduino_zero_native/core.a(CDC.cpp.o)
 .init_array    0x20000094        0x4 C:\Users\user\AppData\Local\Temp\VMicroBuilds\sketch\arduino_zero_native/core.a(USBCore.cpp.o)
 .init_array    0x20000098        0x4 C:\Users\user\AppData\Local\Temp\VMicroBuilds\sketch\arduino_zero_native/core.a(variant.cpp.o)
                0x2000009c                PROVIDE (__init_array_end, .)
                0x2000009c                . = ALIGN (0x4)
                0x2000009c                PROVIDE (__fini_array_start, .)
 *(SORT(.fini_array.*))
 *(.fini_array)
 .fini_array    0x2000009c        0x4 c:/users/user/appdata/local/arduino15/packages/arduino/tools/arm-none-eabi-gcc/4.8.3-2014q1/bin/../lib/gcc/arm-none-eabi/4.8.3/armv6-m/crtbegin.o
                0x200000a0                PROVIDE (__fini_array_end, .)
 *(.jcr*)
 .jcr           0x200000a0        0x0 c:/users/user/appdata/local/arduino15/packages/arduino/tools/arm-none-eabi-gcc/4.8.3-2014q1/bin/../lib/gcc/arm-none-eabi/4.8.3/armv6-m/crtbegin.o
 .jcr           0x200000a0        0x4 c:/users/user/appdata/local/arduino15/packages/arduino/tools/arm-none-eabi-gcc/4.8.3-2014q1/bin/../lib/gcc/arm-none-eabi/4.8.3/armv6-m/crtend.o
                0x200000a4                . = ALIGN (0x4)
                0x200000a4                __data_end__ = .

.igot.plt       0x200000a4        0x0 load address 0x000041d0
 .igot.plt      0x00000000        0x0 c:/users/user/appdata/local/arduino15/packages/arduino/tools/arm-none-eabi-gcc/4.8.3-2014q1/bin/../lib/gcc/arm-none-eabi/4.8.3/armv6-m/crtbegin.o

.bss            0x200000a4      0x7c8 load address 0x000041d0
                0x200000a4                . = ALIGN (0x4)
                0x200000a4                __bss_start__ = .
 *(.bss*)
 .bss           0x200000a4       0x1c c:/users/user/appdata/local/arduino15/packages/arduino/tools/arm-none-eabi-gcc/4.8.3-2014q1/bin/../lib/gcc/arm-none-eabi/4.8.3/armv6-m/crtbegin.o
 .bss.usb_isr   0x200000c0        0x4 C:\Users\user\AppData\Local\Temp\VMicroBuilds\sketch\arduino_zero_native/core.a(cortex_handlers.c.o)
 .bss._ulTickCount
                0x200000c4        0x4 C:\Users\user\AppData\Local\Temp\VMicroBuilds\sketch\arduino_zero_native/core.a(delay.c.o)
 .bss.cdc_rx_buffer
                0x200000c8      0x10c C:\Users\user\AppData\Local\Temp\VMicroBuilds\sketch\arduino_zero_native/core.a(CDC.cpp.o)
                0x200000c8                cdc_rx_buffer
 .bss.SerialUSB
                0x200001d4       0x18 C:\Users\user\AppData\Local\Temp\VMicroBuilds\sketch\arduino_zero_native/core.a(CDC.cpp.o)
                0x200001d4                SerialUSB
 .bss._ZL14isEndpointHalt
                0x200001ec        0x1 C:\Users\user\AppData\Local\Temp\VMicroBuilds\sketch\arduino_zero_native/core.a(USBCore.cpp.o)
 .bss._pack_buffer
                0x200001ed      0x100 C:\Users\user\AppData\Local\Temp\VMicroBuilds\sketch\arduino_zero_native/core.a(USBCore.cpp.o)
                0x200001ed                _pack_buffer
 *fill*         0x200002ed        0x1 
 .bss._pack_size
                0x200002ee        0x2 C:\Users\user\AppData\Local\Temp\VMicroBuilds\sketch\arduino_zero_native/core.a(USBCore.cpp.o)
                0x200002ee                _pack_size
 .bss._ZL22udd_ep_in_cache_buffer
                0x200002f0      0x1c0 C:\Users\user\AppData\Local\Temp\VMicroBuilds\sketch\arduino_zero_native/core.a(USBCore.cpp.o)
 .bss._ZL10txLEDPulse
                0x200004b0        0x1 C:\Users\user\AppData\Local\Temp\VMicroBuilds\sketch\arduino_zero_native/core.a(USBCore.cpp.o)
 *fill*         0x200004b1        0x3 
 .bss._ZL23udd_ep_out_cache_buffer
                0x200004b4      0x1c0 C:\Users\user\AppData\Local\Temp\VMicroBuilds\sketch\arduino_zero_native/core.a(USBCore.cpp.o)
 .bss._pack_message
                0x20000674        0x1 C:\Users\user\AppData\Local\Temp\VMicroBuilds\sketch\arduino_zero_native/core.a(USBCore.cpp.o)
                0x20000674                _pack_message
 .bss._ZL21isRemoteWakeUpEnabled
                0x20000675        0x1 C:\Users\user\AppData\Local\Temp\VMicroBuilds\sketch\arduino_zero_native/core.a(USBCore.cpp.o)
 .bss._dry_run  0x20000676        0x1 C:\Users\user\AppData\Local\Temp\VMicroBuilds\sketch\arduino_zero_native/core.a(USBCore.cpp.o)
                0x20000676                _dry_run
 .bss.USBDevice
                0x20000677        0x1 C:\Users\user\AppData\Local\Temp\VMicroBuilds\sketch\arduino_zero_native/core.a(USBCore.cpp.o)
                0x20000677                USBDevice
 .bss._usbSetInterface
                0x20000678        0x4 C:\Users\user\AppData\Local\Temp\VMicroBuilds\sketch\arduino_zero_native/core.a(USBCore.cpp.o)
                0x20000678                _usbSetInterface
 .bss._ZL10rxLEDPulse
                0x2000067c        0x1 C:\Users\user\AppData\Local\Temp\VMicroBuilds\sketch\arduino_zero_native/core.a(USBCore.cpp.o)
 *fill*         0x2000067d        0x3 
 .bss.usbd      0x20000680      0x104 C:\Users\user\AppData\Local\Temp\VMicroBuilds\sketch\arduino_zero_native/core.a(USBCore.cpp.o)
                0x20000680                usbd
 .bss._usbConfiguration
                0x20000784        0x4 C:\Users\user\AppData\Local\Temp\VMicroBuilds\sketch\arduino_zero_native/core.a(USBCore.cpp.o)
                0x20000784                _usbConfiguration
 .bss.Serial    0x20000788       0x60 C:\Users\user\AppData\Local\Temp\VMicroBuilds\sketch\arduino_zero_native/core.a(variant.cpp.o)
                0x20000788                Serial
 .bss.Serial1   0x200007e8       0x60 C:\Users\user\AppData\Local\Temp\VMicroBuilds\sketch\arduino_zero_native/core.a(variant.cpp.o)
                0x200007e8                Serial1
 .bss.sercom3   0x20000848        0x4 C:\Users\user\AppData\Local\Temp\VMicroBuilds\sketch\arduino_zero_native/core.a(variant.cpp.o)
                0x20000848                sercom3
 .bss.sercom0   0x2000084c        0x4 C:\Users\user\AppData\Local\Temp\VMicroBuilds\sketch\arduino_zero_native/core.a(variant.cpp.o)
                0x2000084c                sercom0
 .bss.sercom1   0x20000850        0x4 C:\Users\user\AppData\Local\Temp\VMicroBuilds\sketch\arduino_zero_native/core.a(variant.cpp.o)
                0x20000850                sercom1
 .bss.sercom2   0x20000854        0x4 C:\Users\user\AppData\Local\Temp\VMicroBuilds\sketch\arduino_zero_native/core.a(variant.cpp.o)
                0x20000854                sercom2
 .bss.sercom4   0x20000858        0x4 C:\Users\user\AppData\Local\Temp\VMicroBuilds\sketch\arduino_zero_native/core.a(variant.cpp.o)
                0x20000858                sercom4
 .bss.sercom5   0x2000085c        0x4 C:\Users\user\AppData\Local\Temp\VMicroBuilds\sketch\arduino_zero_native/core.a(variant.cpp.o)
                0x2000085c                sercom5
 .bss._ZZ12PluggableUSBvE3obj
                0x20000860        0x8 C:\Users\user\AppData\Local\Temp\VMicroBuilds\sketch\arduino_zero_native/core.a(PluggableUSB.cpp.o)
 .bss._ZGVZ12PluggableUSBvE3obj
                0x20000868        0x4 C:\Users\user\AppData\Local\Temp\VMicroBuilds\sketch\arduino_zero_native/core.a(PluggableUSB.cpp.o)
 *(COMMON)
                0x2000086c                . = ALIGN (0x4)
                0x2000086c                __bss_end__ = .

.heap           0x2000086c        0x0
                0x2000086c                __end__ = .
                0x2000086c                PROVIDE (end, .)
 *(.heap*)
                0x2000086c                __HeapLimit = .

.stack_dummy    0x2000086c        0x0
 *(.stack*)
                0x20008000                __StackTop = (ORIGIN (RAM) + 0x8000)
                0x20008000                __StackLimit = (__StackTop - SIZEOF (.stack_dummy))
                0x20008000                PROVIDE (__stack, __StackTop)
                0x20007fff                __ram_end__ = ((ORIGIN (RAM) + 0x8000) - 0x1)
                0x00000001                ASSERT ((__StackLimit >= __HeapLimit), region RAM overflowed with stack)
OUTPUT(C:\Users\user\AppData\Local\Temp\VMicroBuilds\sketch\arduino_zero_native/sketch.ino.elf elf32-littlearm)

.ARM.attributes
                0x00000000       0x28
 .ARM.attributes
                0x00000000       0x1e c:/users/user/appdata/local/arduino15/packages/arduino/tools/arm-none-eabi-gcc/4.8.3-2014q1/bin/../lib/gcc/arm-none-eabi/4.8.3/armv6-m/crti.o
 .ARM.attributes
                0x0000001e       0x2c c:/users/user/appdata/local/arduino15/packages/arduino/tools/arm-none-eabi-gcc/4.8.3-2014q1/bin/../lib/gcc/arm-none-eabi/4.8.3/armv6-m/crtbegin.o
 .ARM.attributes
                0x0000004a       0x32 C:\Users\user\AppData\Local\Temp\VMicroBuilds\sketch\arduino_zero_native\sketch.cpp.o
 .ARM.attributes
                0x0000007c       0x32 C:\Users\user\AppData\Local\Temp\VMicroBuilds\sketch\arduino_zero_native/core.a(cortex_handlers.c.o)
 .ARM.attributes
                0x000000ae       0x32 C:\Users\user\AppData\Local\Temp\VMicroBuilds\sketch\arduino_zero_native/core.a(delay.c.o)
 .ARM.attributes
                0x000000e0       0x32 C:\Users\user\AppData\Local\Temp\VMicroBuilds\sketch\arduino_zero_native/core.a(hooks.c.o)
 .ARM.attributes
                0x00000112       0x32 C:\Users\user\AppData\Local\Temp\VMicroBuilds\sketch\arduino_zero_native/core.a(startup.c.o)
 .ARM.attributes
                0x00000144       0x32 C:\Users\user\AppData\Local\Temp\VMicroBuilds\sketch\arduino_zero_native/core.a(wiring.c.o)
 .ARM.attributes
                0x00000176       0x32 C:\Users\user\AppData\Local\Temp\VMicroBuilds\sketch\arduino_zero_native/core.a(wiring_analog.c.o)
 .ARM.attributes
                0x000001a8       0x32 C:\Users\user\AppData\Local\Temp\VMicroBuilds\sketch\arduino_zero_native/core.a(wiring_digital.c.o)
 .ARM.attributes
                0x000001da       0x32 C:\Users\user\AppData\Local\Temp\VMicroBuilds\sketch\arduino_zero_native/core.a(wiring_private.c.o)
 .ARM.attributes
                0x0000020c       0x32 C:\Users\user\AppData\Local\Temp\VMicroBuilds\sketch\arduino_zero_native/core.a(main.cpp.o)
 .ARM.attributes
                0x0000023e       0x32 C:\Users\user\AppData\Local\Temp\VMicroBuilds\sketch\arduino_zero_native/core.a(Print.cpp.o)
 .ARM.attributes
                0x00000270       0x32 C:\Users\user\AppData\Local\Temp\VMicroBuilds\sketch\arduino_zero_native/core.a(Reset.cpp.o)
 .ARM.attributes
                0x000002a2       0x32 C:\Users\user\AppData\Local\Temp\VMicroBuilds\sketch\arduino_zero_native/core.a(Uart.cpp.o)
 .ARM.attributes
                0x000002d4       0x32 C:\Users\user\AppData\Local\Temp\VMicroBuilds\sketch\arduino_zero_native/core.a(CDC.cpp.o)
 .ARM.attributes
                0x00000306       0x32 C:\Users\user\AppData\Local\Temp\VMicroBuilds\sketch\arduino_zero_native/core.a(USBCore.cpp.o)
 .ARM.attributes
                0x00000338       0x32 C:\Users\user\AppData\Local\Temp\VMicroBuilds\sketch\arduino_zero_native/core.a(variant.cpp.o)
 .ARM.attributes
                0x0000036a       0x32 C:\Users\user\AppData\Local\Temp\VMicroBuilds\sketch\arduino_zero_native/core.a(RingBuffer.cpp.o)
 .ARM.attributes
                0x0000039c       0x32 C:\Users\user\AppData\Local\Temp\VMicroBuilds\sketch\arduino_zero_native/core.a(SERCOM.cpp.o)
 .ARM.attributes
                0x000003ce       0x32 C:\Users\user\AppData\Local\Temp\VMicroBuilds\sketch\arduino_zero_native/core.a(PluggableUSB.cpp.o)
 .ARM.attributes
                0x00000400       0x1e c:/users/user/appdata/local/arduino15/packages/arduino/tools/arm-none-eabi-gcc/4.8.3-2014q1/bin/../lib/gcc/arm-none-eabi/4.8.3/armv6-m\libgcc.a(_thumb1_case_uqi.o)
 .ARM.attributes
                0x0000041e       0x1e c:/users/user/appdata/local/arduino15/packages/arduino/tools/arm-none-eabi-gcc/4.8.3-2014q1/bin/../lib/gcc/arm-none-eabi/4.8.3/armv6-m\libgcc.a(_udivsi3.o)
 .ARM.attributes
                0x0000043c       0x1e c:/users/user/appdata/local/arduino15/packages/arduino/tools/arm-none-eabi-gcc/4.8.3-2014q1/bin/../lib/gcc/arm-none-eabi/4.8.3/armv6-m\libgcc.a(_dvmd_tls.o)
 .ARM.attributes
                0x0000045a       0x2c c:/users/user/appdata/local/arduino15/packages/arduino/tools/arm-none-eabi-gcc/4.8.3-2014q1/bin/../lib/gcc/arm-none-eabi/4.8.3/../../../../arm-none-eabi/lib/armv6-m\libc_s.a(lib_a-init.o)
 .ARM.attributes
                0x00000486       0x2c c:/users/user/appdata/local/arduino15/packages/arduino/tools/arm-none-eabi-gcc/4.8.3-2014q1/bin/../lib/gcc/arm-none-eabi/4.8.3/../../../../arm-none-eabi/lib/armv6-m\libc_s.a(lib_a-memcpy-stub.o)
 .ARM.attributes
                0x000004b2       0x2c c:/users/user/appdata/local/arduino15/packages/arduino/tools/arm-none-eabi-gcc/4.8.3-2014q1/bin/../lib/gcc/arm-none-eabi/4.8.3/../../../../arm-none-eabi/lib/armv6-m\libc_s.a(lib_a-memset.o)
 .ARM.attributes
                0x000004de       0x2c c:/users/user/appdata/local/arduino15/packages/arduino/tools/arm-none-eabi-gcc/4.8.3-2014q1/bin/../lib/gcc/arm-none-eabi/4.8.3/../../../../arm-none-eabi/lib/armv6-m\libc_s.a(lib_a-strlen.o)
 .ARM.attributes
                0x0000050a       0x2c c:/users/user/appdata/local/arduino15/packages/arduino/tools/arm-none-eabi-gcc/4.8.3-2014q1/bin/../lib/gcc/arm-none-eabi/4.8.3/armv6-m/crtend.o
 .ARM.attributes
                0x00000536       0x1e c:/users/user/appdata/local/arduino15/packages/arduino/tools/arm-none-eabi-gcc/4.8.3-2014q1/bin/../lib/gcc/arm-none-eabi/4.8.3/armv6-m/crtn.o

.comment        0x00000000       0x70
 .comment       0x00000000       0x70 C:\Users\user\AppData\Local\Temp\VMicroBuilds\sketch\arduino_zero_native\sketch.cpp.o
                                 0x71 (size before relaxing)
 .comment       0x00000000       0x71 C:\Users\user\AppData\Local\Temp\VMicroBuilds\sketch\arduino_zero_native/core.a(cortex_handlers.c.o)
 .comment       0x00000000       0x71 C:\Users\user\AppData\Local\Temp\VMicroBuilds\sketch\arduino_zero_native/core.a(delay.c.o)
 .comment       0x00000000       0x71 C:\Users\user\AppData\Local\Temp\VMicroBuilds\sketch\arduino_zero_native/core.a(hooks.c.o)
 .comment       0x00000000       0x71 C:\Users\user\AppData\Local\Temp\VMicroBuilds\sketch\arduino_zero_native/core.a(startup.c.o)
 .comment       0x00000000       0x71 C:\Users\user\AppData\Local\Temp\VMicroBuilds\sketch\arduino_zero_native/core.a(wiring.c.o)
 .comment       0x00000000       0x71 C:\Users\user\AppData\Local\Temp\VMicroBuilds\sketch\arduino_zero_native/core.a(wiring_analog.c.o)
 .comment       0x00000000       0x71 C:\Users\user\AppData\Local\Temp\VMicroBuilds\sketch\arduino_zero_native/core.a(wiring_digital.c.o)
 .comment       0x00000000       0x71 C:\Users\user\AppData\Local\Temp\VMicroBuilds\sketch\arduino_zero_native/core.a(wiring_private.c.o)
 .comment       0x00000000       0x71 C:\Users\user\AppData\Local\Temp\VMicroBuilds\sketch\arduino_zero_native/core.a(main.cpp.o)
 .comment       0x00000000       0x71 C:\Users\user\AppData\Local\Temp\VMicroBuilds\sketch\arduino_zero_native/core.a(Print.cpp.o)
 .comment       0x00000000       0x71 C:\Users\user\AppData\Local\Temp\VMicroBuilds\sketch\arduino_zero_native/core.a(Reset.cpp.o)
 .comment       0x00000000       0x71 C:\Users\user\AppData\Local\Temp\VMicroBuilds\sketch\arduino_zero_native/core.a(Uart.cpp.o)
 .comment       0x00000000       0x71 C:\Users\user\AppData\Local\Temp\VMicroBuilds\sketch\arduino_zero_native/core.a(CDC.cpp.o)
 .comment       0x00000000       0x71 C:\Users\user\AppData\Local\Temp\VMicroBuilds\sketch\arduino_zero_native/core.a(USBCore.cpp.o)
 .comment       0x00000000       0x71 C:\Users\user\AppData\Local\Temp\VMicroBuilds\sketch\arduino_zero_native/core.a(variant.cpp.o)
 .comment       0x00000000       0x71 C:\Users\user\AppData\Local\Temp\VMicroBuilds\sketch\arduino_zero_native/core.a(RingBuffer.cpp.o)
 .comment       0x00000000       0x71 C:\Users\user\AppData\Local\Temp\VMicroBuilds\sketch\arduino_zero_native/core.a(SERCOM.cpp.o)
 .comment       0x00000000       0x71 C:\Users\user\AppData\Local\Temp\VMicroBuilds\sketch\arduino_zero_native/core.a(PluggableUSB.cpp.o)

.debug_info     0x00000000    0x27e74
 .debug_info    0x00000000      0x95b C:\Users\user\AppData\Local\Temp\VMicroBuilds\sketch\arduino_zero_native\sketch.cpp.o
 .debug_info    0x0000095b      0x4da C:\Users\user\AppData\Local\Temp\VMicroBuilds\sketch\arduino_zero_native/core.a(cortex_handlers.c.o)
 .debug_info    0x00000e35      0x362 C:\Users\user\AppData\Local\Temp\VMicroBuilds\sketch\arduino_zero_native/core.a(delay.c.o)
 .debug_info    0x00001197       0x60 C:\Users\user\AppData\Local\Temp\VMicroBuilds\sketch\arduino_zero_native/core.a(hooks.c.o)
 .debug_info    0x000011f7     0x2972 C:\Users\user\AppData\Local\Temp\VMicroBuilds\sketch\arduino_zero_native/core.a(startup.c.o)
 .debug_info    0x00003b69     0x1dcf C:\Users\user\AppData\Local\Temp\VMicroBuilds\sketch\arduino_zero_native/core.a(wiring.c.o)
 .debug_info    0x00005938     0x4225 C:\Users\user\AppData\Local\Temp\VMicroBuilds\sketch\arduino_zero_native/core.a(wiring_analog.c.o)
 .debug_info    0x00009b5d      0xb64 C:\Users\user\AppData\Local\Temp\VMicroBuilds\sketch\arduino_zero_native/core.a(wiring_digital.c.o)
 .debug_info    0x0000a6c1      0xb78 C:\Users\user\AppData\Local\Temp\VMicroBuilds\sketch\arduino_zero_native/core.a(wiring_private.c.o)
 .debug_info    0x0000b239      0x798 C:\Users\user\AppData\Local\Temp\VMicroBuilds\sketch\arduino_zero_native/core.a(main.cpp.o)
 .debug_info    0x0000b9d1     0x2638 C:\Users\user\AppData\Local\Temp\VMicroBuilds\sketch\arduino_zero_native/core.a(Print.cpp.o)
 .debug_info    0x0000e009      0x803 C:\Users\user\AppData\Local\Temp\VMicroBuilds\sketch\arduino_zero_native/core.a(Reset.cpp.o)
 .debug_info    0x0000e80c     0x4793 C:\Users\user\AppData\Local\Temp\VMicroBuilds\sketch\arduino_zero_native/core.a(Uart.cpp.o)
 .debug_info    0x00012f9f     0x4613 C:\Users\user\AppData\Local\Temp\VMicroBuilds\sketch\arduino_zero_native/core.a(CDC.cpp.o)
 .debug_info    0x000175b2     0x6e15 C:\Users\user\AppData\Local\Temp\VMicroBuilds\sketch\arduino_zero_native/core.a(USBCore.cpp.o)
 .debug_info    0x0001e3c7     0x5533 C:\Users\user\AppData\Local\Temp\VMicroBuilds\sketch\arduino_zero_native/core.a(variant.cpp.o)
 .debug_info    0x000238fa      0x47c C:\Users\user\AppData\Local\Temp\VMicroBuilds\sketch\arduino_zero_native/core.a(RingBuffer.cpp.o)
 .debug_info    0x00023d76     0x3a0e C:\Users\user\AppData\Local\Temp\VMicroBuilds\sketch\arduino_zero_native/core.a(SERCOM.cpp.o)
 .debug_info    0x00027784      0x6f0 C:\Users\user\AppData\Local\Temp\VMicroBuilds\sketch\arduino_zero_native/core.a(PluggableUSB.cpp.o)

.debug_abbrev   0x00000000     0x39aa
 .debug_abbrev  0x00000000      0x260 C:\Users\user\AppData\Local\Temp\VMicroBuilds\sketch\arduino_zero_native\sketch.cpp.o
 .debug_abbrev  0x00000260      0x159 C:\Users\user\AppData\Local\Temp\VMicroBuilds\sketch\arduino_zero_native/core.a(cortex_handlers.c.o)
 .debug_abbrev  0x000003b9      0x158 C:\Users\user\AppData\Local\Temp\VMicroBuilds\sketch\arduino_zero_native/core.a(delay.c.o)
 .debug_abbrev  0x00000511       0x47 C:\Users\user\AppData\Local\Temp\VMicroBuilds\sketch\arduino_zero_native/core.a(hooks.c.o)
 .debug_abbrev  0x00000558      0x17a C:\Users\user\AppData\Local\Temp\VMicroBuilds\sketch\arduino_zero_native/core.a(startup.c.o)
 .debug_abbrev  0x000006d2      0x273 C:\Users\user\AppData\Local\Temp\VMicroBuilds\sketch\arduino_zero_native/core.a(wiring.c.o)
 .debug_abbrev  0x00000945      0x348 C:\Users\user\AppData\Local\Temp\VMicroBuilds\sketch\arduino_zero_native/core.a(wiring_analog.c.o)
 .debug_abbrev  0x00000c8d      0x1e5 C:\Users\user\AppData\Local\Temp\VMicroBuilds\sketch\arduino_zero_native/core.a(wiring_digital.c.o)
 .debug_abbrev  0x00000e72      0x21b C:\Users\user\AppData\Local\Temp\VMicroBuilds\sketch\arduino_zero_native/core.a(wiring_private.c.o)
 .debug_abbrev  0x0000108d      0x216 C:\Users\user\AppData\Local\Temp\VMicroBuilds\sketch\arduino_zero_native/core.a(main.cpp.o)
 .debug_abbrev  0x000012a3      0x456 C:\Users\user\AppData\Local\Temp\VMicroBuilds\sketch\arduino_zero_native/core.a(Print.cpp.o)
 .debug_abbrev  0x000016f9      0x216 C:\Users\user\AppData\Local\Temp\VMicroBuilds\sketch\arduino_zero_native/core.a(Reset.cpp.o)
 .debug_abbrev  0x0000190f      0x500 C:\Users\user\AppData\Local\Temp\VMicroBuilds\sketch\arduino_zero_native/core.a(Uart.cpp.o)
 .debug_abbrev  0x00001e0f      0x795 C:\Users\user\AppData\Local\Temp\VMicroBuilds\sketch\arduino_zero_native/core.a(CDC.cpp.o)
 .debug_abbrev  0x000025a4      0x768 C:\Users\user\AppData\Local\Temp\VMicroBuilds\sketch\arduino_zero_native/core.a(USBCore.cpp.o)
 .debug_abbrev  0x00002d0c      0x32b C:\Users\user\AppData\Local\Temp\VMicroBuilds\sketch\arduino_zero_native/core.a(variant.cpp.o)
 .debug_abbrev  0x00003037      0x1f5 C:\Users\user\AppData\Local\Temp\VMicroBuilds\sketch\arduino_zero_native/core.a(RingBuffer.cpp.o)
 .debug_abbrev  0x0000322c      0x48d C:\Users\user\AppData\Local\Temp\VMicroBuilds\sketch\arduino_zero_native/core.a(SERCOM.cpp.o)
 .debug_abbrev  0x000036b9      0x2f1 C:\Users\user\AppData\Local\Temp\VMicroBuilds\sketch\arduino_zero_native/core.a(PluggableUSB.cpp.o)

.debug_aranges  0x00000000      0x820
 .debug_aranges
                0x00000000       0x28 C:\Users\user\AppData\Local\Temp\VMicroBuilds\sketch\arduino_zero_native\sketch.cpp.o
 .debug_aranges
                0x00000028       0x40 C:\Users\user\AppData\Local\Temp\VMicroBuilds\sketch\arduino_zero_native/core.a(cortex_handlers.c.o)
 .debug_aranges
                0x00000068       0x38 C:\Users\user\AppData\Local\Temp\VMicroBuilds\sketch\arduino_zero_native/core.a(delay.c.o)
 .debug_aranges
                0x000000a0       0x30 C:\Users\user\AppData\Local\Temp\VMicroBuilds\sketch\arduino_zero_native/core.a(hooks.c.o)
 .debug_aranges
                0x000000d0       0x20 C:\Users\user\AppData\Local\Temp\VMicroBuilds\sketch\arduino_zero_native/core.a(startup.c.o)
 .debug_aranges
                0x000000f0       0x20 C:\Users\user\AppData\Local\Temp\VMicroBuilds\sketch\arduino_zero_native/core.a(wiring.c.o)
 .debug_aranges
                0x00000110       0x48 C:\Users\user\AppData\Local\Temp\VMicroBuilds\sketch\arduino_zero_native/core.a(wiring_analog.c.o)
 .debug_aranges
                0x00000158       0x30 C:\Users\user\AppData\Local\Temp\VMicroBuilds\sketch\arduino_zero_native/core.a(wiring_digital.c.o)
 .debug_aranges
                0x00000188       0x20 C:\Users\user\AppData\Local\Temp\VMicroBuilds\sketch\arduino_zero_native/core.a(wiring_private.c.o)
 .debug_aranges
                0x000001a8       0x28 C:\Users\user\AppData\Local\Temp\VMicroBuilds\sketch\arduino_zero_native/core.a(main.cpp.o)
 .debug_aranges
                0x000001d0       0xf0 C:\Users\user\AppData\Local\Temp\VMicroBuilds\sketch\arduino_zero_native/core.a(Print.cpp.o)
 .debug_aranges
                0x000002c0       0x30 C:\Users\user\AppData\Local\Temp\VMicroBuilds\sketch\arduino_zero_native/core.a(Reset.cpp.o)
 .debug_aranges
                0x000002f0       0x88 C:\Users\user\AppData\Local\Temp\VMicroBuilds\sketch\arduino_zero_native/core.a(Uart.cpp.o)
 .debug_aranges
                0x00000378       0xd0 C:\Users\user\AppData\Local\Temp\VMicroBuilds\sketch\arduino_zero_native/core.a(CDC.cpp.o)
 .debug_aranges
                0x00000448      0x130 C:\Users\user\AppData\Local\Temp\VMicroBuilds\sketch\arduino_zero_native/core.a(USBCore.cpp.o)
 .debug_aranges
                0x00000578       0x30 C:\Users\user\AppData\Local\Temp\VMicroBuilds\sketch\arduino_zero_native/core.a(variant.cpp.o)
 .debug_aranges
                0x000005a8       0x58 C:\Users\user\AppData\Local\Temp\VMicroBuilds\sketch\arduino_zero_native/core.a(RingBuffer.cpp.o)
 .debug_aranges
                0x00000600      0x1d0 C:\Users\user\AppData\Local\Temp\VMicroBuilds\sketch\arduino_zero_native/core.a(SERCOM.cpp.o)
 .debug_aranges
                0x000007d0       0x50 C:\Users\user\AppData\Local\Temp\VMicroBuilds\sketch\arduino_zero_native/core.a(PluggableUSB.cpp.o)

.debug_ranges   0x00000000      0xf00
 .debug_ranges  0x00000000       0x18 C:\Users\user\AppData\Local\Temp\VMicroBuilds\sketch\arduino_zero_native\sketch.cpp.o
 .debug_ranges  0x00000018       0x30 C:\Users\user\AppData\Local\Temp\VMicroBuilds\sketch\arduino_zero_native/core.a(cortex_handlers.c.o)
 .debug_ranges  0x00000048       0x28 C:\Users\user\AppData\Local\Temp\VMicroBuilds\sketch\arduino_zero_native/core.a(delay.c.o)
 .debug_ranges  0x00000070       0x20 C:\Users\user\AppData\Local\Temp\VMicroBuilds\sketch\arduino_zero_native/core.a(hooks.c.o)
 .debug_ranges  0x00000090       0x10 C:\Users\user\AppData\Local\Temp\VMicroBuilds\sketch\arduino_zero_native/core.a(startup.c.o)
 .debug_ranges  0x000000a0       0x28 C:\Users\user\AppData\Local\Temp\VMicroBuilds\sketch\arduino_zero_native/core.a(wiring.c.o)
 .debug_ranges  0x000000c8       0x38 C:\Users\user\AppData\Local\Temp\VMicroBuilds\sketch\arduino_zero_native/core.a(wiring_analog.c.o)
 .debug_ranges  0x00000100       0x20 C:\Users\user\AppData\Local\Temp\VMicroBuilds\sketch\arduino_zero_native/core.a(wiring_digital.c.o)
 .debug_ranges  0x00000120       0x28 C:\Users\user\AppData\Local\Temp\VMicroBuilds\sketch\arduino_zero_native/core.a(wiring_private.c.o)
 .debug_ranges  0x00000148       0x18 C:\Users\user\AppData\Local\Temp\VMicroBuilds\sketch\arduino_zero_native/core.a(main.cpp.o)
 .debug_ranges  0x00000160      0x278 C:\Users\user\AppData\Local\Temp\VMicroBuilds\sketch\arduino_zero_native/core.a(Print.cpp.o)
 .debug_ranges  0x000003d8       0x20 C:\Users\user\AppData\Local\Temp\VMicroBuilds\sketch\arduino_zero_native/core.a(Reset.cpp.o)
 .debug_ranges  0x000003f8       0x78 C:\Users\user\AppData\Local\Temp\VMicroBuilds\sketch\arduino_zero_native/core.a(Uart.cpp.o)
 .debug_ranges  0x00000470      0x150 C:\Users\user\AppData\Local\Temp\VMicroBuilds\sketch\arduino_zero_native/core.a(CDC.cpp.o)
 .debug_ranges  0x000005c0      0x548 C:\Users\user\AppData\Local\Temp\VMicroBuilds\sketch\arduino_zero_native/core.a(USBCore.cpp.o)
 .debug_ranges  0x00000b08       0x20 C:\Users\user\AppData\Local\Temp\VMicroBuilds\sketch\arduino_zero_native/core.a(variant.cpp.o)
 .debug_ranges  0x00000b28       0x78 C:\Users\user\AppData\Local\Temp\VMicroBuilds\sketch\arduino_zero_native/core.a(RingBuffer.cpp.o)
 .debug_ranges  0x00000ba0      0x290 C:\Users\user\AppData\Local\Temp\VMicroBuilds\sketch\arduino_zero_native/core.a(SERCOM.cpp.o)
 .debug_ranges  0x00000e30       0xd0 C:\Users\user\AppData\Local\Temp\VMicroBuilds\sketch\arduino_zero_native/core.a(PluggableUSB.cpp.o)

.debug_line     0x00000000     0x55f7
 .debug_line    0x00000000      0x43b C:\Users\user\AppData\Local\Temp\VMicroBuilds\sketch\arduino_zero_native\sketch.cpp.o
 .debug_line    0x0000043b      0x312 C:\Users\user\AppData\Local\Temp\VMicroBuilds\sketch\arduino_zero_native/core.a(cortex_handlers.c.o)
 .debug_line    0x0000074d      0x314 C:\Users\user\AppData\Local\Temp\VMicroBuilds\sketch\arduino_zero_native/core.a(delay.c.o)
 .debug_line    0x00000a61       0xb0 C:\Users\user\AppData\Local\Temp\VMicroBuilds\sketch\arduino_zero_native/core.a(hooks.c.o)
 .debug_line    0x00000b11      0x3c9 C:\Users\user\AppData\Local\Temp\VMicroBuilds\sketch\arduino_zero_native/core.a(startup.c.o)
 .debug_line    0x00000eda      0x40e C:\Users\user\AppData\Local\Temp\VMicroBuilds\sketch\arduino_zero_native/core.a(wiring.c.o)
 .debug_line    0x000012e8      0x4d2 C:\Users\user\AppData\Local\Temp\VMicroBuilds\sketch\arduino_zero_native/core.a(wiring_analog.c.o)
 .debug_line    0x000017ba      0x35d C:\Users\user\AppData\Local\Temp\VMicroBuilds\sketch\arduino_zero_native/core.a(wiring_digital.c.o)
 .debug_line    0x00001b17      0x369 C:\Users\user\AppData\Local\Temp\VMicroBuilds\sketch\arduino_zero_native/core.a(wiring_private.c.o)
 .debug_line    0x00001e80      0x2d6 C:\Users\user\AppData\Local\Temp\VMicroBuilds\sketch\arduino_zero_native/core.a(main.cpp.o)
 .debug_line    0x00002156      0x64b C:\Users\user\AppData\Local\Temp\VMicroBuilds\sketch\arduino_zero_native/core.a(Print.cpp.o)
 .debug_line    0x000027a1      0x383 C:\Users\user\AppData\Local\Temp\VMicroBuilds\sketch\arduino_zero_native/core.a(Reset.cpp.o)
 .debug_line    0x00002b24      0x546 C:\Users\user\AppData\Local\Temp\VMicroBuilds\sketch\arduino_zero_native/core.a(Uart.cpp.o)
 .debug_line    0x0000306a      0x6e0 C:\Users\user\AppData\Local\Temp\VMicroBuilds\sketch\arduino_zero_native/core.a(CDC.cpp.o)
 .debug_line    0x0000374a      0xcce C:\Users\user\AppData\Local\Temp\VMicroBuilds\sketch\arduino_zero_native/core.a(USBCore.cpp.o)
 .debug_line    0x00004418      0x304 C:\Users\user\AppData\Local\Temp\VMicroBuilds\sketch\arduino_zero_native/core.a(variant.cpp.o)
 .debug_line    0x0000471c      0x257 C:\Users\user\AppData\Local\Temp\VMicroBuilds\sketch\arduino_zero_native/core.a(RingBuffer.cpp.o)
 .debug_line    0x00004973      0x97d C:\Users\user\AppData\Local\Temp\VMicroBuilds\sketch\arduino_zero_native/core.a(SERCOM.cpp.o)
 .debug_line    0x000052f0      0x307 C:\Users\user\AppData\Local\Temp\VMicroBuilds\sketch\arduino_zero_native/core.a(PluggableUSB.cpp.o)

.debug_str      0x00000000     0x816a
 .debug_str     0x00000000      0x488 C:\Users\user\AppData\Local\Temp\VMicroBuilds\sketch\arduino_zero_native\sketch.cpp.o
                                0x5e2 (size before relaxing)
 .debug_str     0x00000488      0x4c3 C:\Users\user\AppData\Local\Temp\VMicroBuilds\sketch\arduino_zero_native/core.a(cortex_handlers.c.o)
                                0x5ef (size before relaxing)
 .debug_str     0x0000094b       0xf5 C:\Users\user\AppData\Local\Temp\VMicroBuilds\sketch\arduino_zero_native/core.a(delay.c.o)
                                0x2c5 (size before relaxing)
 .debug_str     0x00000a40       0x78 C:\Users\user\AppData\Local\Temp\VMicroBuilds\sketch\arduino_zero_native/core.a(hooks.c.o)
                                0x137 (size before relaxing)
 .debug_str     0x00000ab8      0x926 C:\Users\user\AppData\Local\Temp\VMicroBuilds\sketch\arduino_zero_native/core.a(startup.c.o)
                                0xd63 (size before relaxing)
 .debug_str     0x000013de      0x377 C:\Users\user\AppData\Local\Temp\VMicroBuilds\sketch\arduino_zero_native/core.a(wiring.c.o)
                                0xbfa (size before relaxing)
 .debug_str     0x00001755      0xb48 C:\Users\user\AppData\Local\Temp\VMicroBuilds\sketch\arduino_zero_native/core.a(wiring_analog.c.o)
                               0x15ac (size before relaxing)
 .debug_str     0x0000229d       0x7c C:\Users\user\AppData\Local\Temp\VMicroBuilds\sketch\arduino_zero_native/core.a(wiring_digital.c.o)
                                0x966 (size before relaxing)
 .debug_str     0x00002319       0x7c C:\Users\user\AppData\Local\Temp\VMicroBuilds\sketch\arduino_zero_native/core.a(wiring_private.c.o)
                                0x979 (size before relaxing)
 .debug_str     0x00002395      0x6a3 C:\Users\user\AppData\Local\Temp\VMicroBuilds\sketch\arduino_zero_native/core.a(main.cpp.o)
                                0x92b (size before relaxing)
 .debug_str     0x00002a38      0xca2 C:\Users\user\AppData\Local\Temp\VMicroBuilds\sketch\arduino_zero_native/core.a(Print.cpp.o)
                                0xf7a (size before relaxing)
 .debug_str     0x000036da      0x19c C:\Users\user\AppData\Local\Temp\VMicroBuilds\sketch\arduino_zero_native/core.a(Reset.cpp.o)
                                0x5ac (size before relaxing)
 .debug_str     0x00003876     0x1b20 C:\Users\user\AppData\Local\Temp\VMicroBuilds\sketch\arduino_zero_native/core.a(Uart.cpp.o)
                               0x32d0 (size before relaxing)
 .debug_str     0x00005396      0xbe5 C:\Users\user\AppData\Local\Temp\VMicroBuilds\sketch\arduino_zero_native/core.a(CDC.cpp.o)
                               0x2833 (size before relaxing)
 .debug_str     0x00005f7b     0x1b3d C:\Users\user\AppData\Local\Temp\VMicroBuilds\sketch\arduino_zero_native/core.a(USBCore.cpp.o)
                               0x3846 (size before relaxing)
 .debug_str     0x00007ab8      0x3e1 C:\Users\user\AppData\Local\Temp\VMicroBuilds\sketch\arduino_zero_native/core.a(variant.cpp.o)
                               0x2ebf (size before relaxing)
 .debug_str     0x00007e99       0x7c C:\Users\user\AppData\Local\Temp\VMicroBuilds\sketch\arduino_zero_native/core.a(RingBuffer.cpp.o)
                                0x383 (size before relaxing)
 .debug_str     0x00007f15      0x1b8 C:\Users\user\AppData\Local\Temp\VMicroBuilds\sketch\arduino_zero_native/core.a(SERCOM.cpp.o)
                               0x21fc (size before relaxing)
 .debug_str     0x000080cd       0x9d C:\Users\user\AppData\Local\Temp\VMicroBuilds\sketch\arduino_zero_native/core.a(PluggableUSB.cpp.o)
                                0x5da (size before relaxing)

.debug_frame    0x00000000     0x13bc
 .debug_frame   0x00000000       0x40 C:\Users\user\AppData\Local\Temp\VMicroBuilds\sketch\arduino_zero_native\sketch.cpp.o
 .debug_frame   0x00000040       0x7c C:\Users\user\AppData\Local\Temp\VMicroBuilds\sketch\arduino_zero_native/core.a(cortex_handlers.c.o)
 .debug_frame   0x000000bc       0x78 C:\Users\user\AppData\Local\Temp\VMicroBuilds\sketch\arduino_zero_native/core.a(delay.c.o)
 .debug_frame   0x00000134       0x40 C:\Users\user\AppData\Local\Temp\VMicroBuilds\sketch\arduino_zero_native/core.a(hooks.c.o)
 .debug_frame   0x00000174       0x2c C:\Users\user\AppData\Local\Temp\VMicroBuilds\sketch\arduino_zero_native/core.a(startup.c.o)
 .debug_frame   0x000001a0       0x28 C:\Users\user\AppData\Local\Temp\VMicroBuilds\sketch\arduino_zero_native/core.a(wiring.c.o)
 .debug_frame   0x000001c8       0x90 C:\Users\user\AppData\Local\Temp\VMicroBuilds\sketch\arduino_zero_native/core.a(wiring_analog.c.o)
 .debug_frame   0x00000258       0x54 C:\Users\user\AppData\Local\Temp\VMicroBuilds\sketch\arduino_zero_native/core.a(wiring_digital.c.o)
 .debug_frame   0x000002ac       0x30 C:\Users\user\AppData\Local\Temp\VMicroBuilds\sketch\arduino_zero_native/core.a(wiring_private.c.o)
 .debug_frame   0x000002dc       0x38 C:\Users\user\AppData\Local\Temp\VMicroBuilds\sketch\arduino_zero_native/core.a(main.cpp.o)
 .debug_frame   0x00000314      0x2f8 C:\Users\user\AppData\Local\Temp\VMicroBuilds\sketch\arduino_zero_native/core.a(Print.cpp.o)
 .debug_frame   0x0000060c       0x40 C:\Users\user\AppData\Local\Temp\VMicroBuilds\sketch\arduino_zero_native/core.a(Reset.cpp.o)
 .debug_frame   0x0000064c      0x154 C:\Users\user\AppData\Local\Temp\VMicroBuilds\sketch\arduino_zero_native/core.a(Uart.cpp.o)
 .debug_frame   0x000007a0      0x1d8 C:\Users\user\AppData\Local\Temp\VMicroBuilds\sketch\arduino_zero_native/core.a(CDC.cpp.o)
 .debug_frame   0x00000978      0x388 C:\Users\user\AppData\Local\Temp\VMicroBuilds\sketch\arduino_zero_native/core.a(USBCore.cpp.o)
 .debug_frame   0x00000d00       0x64 C:\Users\user\AppData\Local\Temp\VMicroBuilds\sketch\arduino_zero_native/core.a(variant.cpp.o)
 .debug_frame   0x00000d64       0xa0 C:\Users\user\AppData\Local\Temp\VMicroBuilds\sketch\arduino_zero_native/core.a(RingBuffer.cpp.o)
 .debug_frame   0x00000e04      0x440 C:\Users\user\AppData\Local\Temp\VMicroBuilds\sketch\arduino_zero_native/core.a(SERCOM.cpp.o)
 .debug_frame   0x00001244       0xc4 C:\Users\user\AppData\Local\Temp\VMicroBuilds\sketch\arduino_zero_native/core.a(PluggableUSB.cpp.o)
 .debug_frame   0x00001308       0x20 c:/users/user/appdata/local/arduino15/packages/arduino/tools/arm-none-eabi-gcc/4.8.3-2014q1/bin/../lib/gcc/arm-none-eabi/4.8.3/armv6-m\libgcc.a(_udivsi3.o)
 .debug_frame   0x00001328       0x2c c:/users/user/appdata/local/arduino15/packages/arduino/tools/arm-none-eabi-gcc/4.8.3-2014q1/bin/../lib/gcc/arm-none-eabi/4.8.3/../../../../arm-none-eabi/lib/armv6-m\libc_s.a(lib_a-init.o)
 .debug_frame   0x00001354       0x28 c:/users/user/appdata/local/arduino15/packages/arduino/tools/arm-none-eabi-gcc/4.8.3-2014q1/bin/../lib/gcc/arm-none-eabi/4.8.3/../../../../arm-none-eabi/lib/armv6-m\libc_s.a(lib_a-memcpy-stub.o)
 .debug_frame   0x0000137c       0x20 c:/users/user/appdata/local/arduino15/packages/arduino/tools/arm-none-eabi-gcc/4.8.3-2014q1/bin/../lib/gcc/arm-none-eabi/4.8.3/../../../../arm-none-eabi/lib/armv6-m\libc_s.a(lib_a-memset.o)
 .debug_frame   0x0000139c       0x20 c:/users/user/appdata/local/arduino15/packages/arduino/tools/arm-none-eabi-gcc/4.8.3-2014q1/bin/../lib/gcc/arm-none-eabi/4.8.3/../../../../arm-none-eabi/lib/armv6-m\libc_s.a(lib_a-strlen.o)

.debug_loc      0x00000000     0x525a
 .debug_loc     0x00000000       0x7b C:\Users\user\AppData\Local\Temp\VMicroBuilds\sketch\arduino_zero_native/core.a(cortex_handlers.c.o)
 .debug_loc     0x0000007b       0xf4 C:\Users\user\AppData\Local\Temp\VMicroBuilds\sketch\arduino_zero_native/core.a(delay.c.o)
 .debug_loc     0x0000016f       0x58 C:\Users\user\AppData\Local\Temp\VMicroBuilds\sketch\arduino_zero_native/core.a(startup.c.o)
 .debug_loc     0x000001c7       0xa7 C:\Users\user\AppData\Local\Temp\VMicroBuilds\sketch\arduino_zero_native/core.a(wiring.c.o)
 .debug_loc     0x0000026e      0x45e C:\Users\user\AppData\Local\Temp\VMicroBuilds\sketch\arduino_zero_native/core.a(wiring_analog.c.o)
 .debug_loc     0x000006cc      0x130 C:\Users\user\AppData\Local\Temp\VMicroBuilds\sketch\arduino_zero_native/core.a(wiring_digital.c.o)
 .debug_loc     0x000007fc      0x123 C:\Users\user\AppData\Local\Temp\VMicroBuilds\sketch\arduino_zero_native/core.a(wiring_private.c.o)
 .debug_loc     0x0000091f     0x1173 C:\Users\user\AppData\Local\Temp\VMicroBuilds\sketch\arduino_zero_native/core.a(Print.cpp.o)
 .debug_loc     0x00001a92      0x409 C:\Users\user\AppData\Local\Temp\VMicroBuilds\sketch\arduino_zero_native/core.a(Uart.cpp.o)
 .debug_loc     0x00001e9b      0x605 C:\Users\user\AppData\Local\Temp\VMicroBuilds\sketch\arduino_zero_native/core.a(CDC.cpp.o)
 .debug_loc     0x000024a0     0x1f13 C:\Users\user\AppData\Local\Temp\VMicroBuilds\sketch\arduino_zero_native/core.a(USBCore.cpp.o)
 .debug_loc     0x000043b3      0x1d9 C:\Users\user\AppData\Local\Temp\VMicroBuilds\sketch\arduino_zero_native/core.a(RingBuffer.cpp.o)
 .debug_loc     0x0000458c      0xa76 C:\Users\user\AppData\Local\Temp\VMicroBuilds\sketch\arduino_zero_native/core.a(SERCOM.cpp.o)
 .debug_loc     0x00005002      0x258 C:\Users\user\AppData\Local\Temp\VMicroBuilds\sketch\arduino_zero_native/core.a(PluggableUSB.cpp.o)

Cross Reference Table

Symbol                                            File
AC_Handler                                        C:\Users\user\AppData\Local\Temp\VMicroBuilds\sketch\arduino_zero_native/core.a(cortex_handlers.c.o)
ADC_Handler                                       C:\Users\user\AppData\Local\Temp\VMicroBuilds\sketch\arduino_zero_native/core.a(cortex_handlers.c.o)
CDC_GetInterface(unsigned char*)                  C:\Users\user\AppData\Local\Temp\VMicroBuilds\sketch\arduino_zero_native/core.a(CDC.cpp.o)
                                                  C:\Users\user\AppData\Local\Temp\VMicroBuilds\sketch\arduino_zero_native/core.a(USBCore.cpp.o)
CDC_Setup(USBSetup&)                              C:\Users\user\AppData\Local\Temp\VMicroBuilds\sketch\arduino_zero_native/core.a(CDC.cpp.o)
                                                  C:\Users\user\AppData\Local\Temp\VMicroBuilds\sketch\arduino_zero_native/core.a(USBCore.cpp.o)
DAC_Handler                                       C:\Users\user\AppData\Local\Temp\VMicroBuilds\sketch\arduino_zero_native/core.a(cortex_handlers.c.o)
DMAC_Handler                                      C:\Users\user\AppData\Local\Temp\VMicroBuilds\sketch\arduino_zero_native/core.a(cortex_handlers.c.o)
Dummy_Handler                                     C:\Users\user\AppData\Local\Temp\VMicroBuilds\sketch\arduino_zero_native/core.a(cortex_handlers.c.o)
EIC_Handler                                       C:\Users\user\AppData\Local\Temp\VMicroBuilds\sketch\arduino_zero_native/core.a(cortex_handlers.c.o)
EVSYS_Handler                                     C:\Users\user\AppData\Local\Temp\VMicroBuilds\sketch\arduino_zero_native/core.a(cortex_handlers.c.o)
EndPoints                                         C:\Users\user\AppData\Local\Temp\VMicroBuilds\sketch\arduino_zero_native/core.a(USBCore.cpp.o)
                                                  C:\Users\user\AppData\Local\Temp\VMicroBuilds\sketch\arduino_zero_native/core.a(PluggableUSB.cpp.o)
HardFault_Handler                                 C:\Users\user\AppData\Local\Temp\VMicroBuilds\sketch\arduino_zero_native/core.a(cortex_handlers.c.o)
I2S_Handler                                       C:\Users\user\AppData\Local\Temp\VMicroBuilds\sketch\arduino_zero_native/core.a(cortex_handlers.c.o)
NMI_Handler                                       C:\Users\user\AppData\Local\Temp\VMicroBuilds\sketch\arduino_zero_native/core.a(cortex_handlers.c.o)
NVMCTRL_Handler                                   C:\Users\user\AppData\Local\Temp\VMicroBuilds\sketch\arduino_zero_native/core.a(cortex_handlers.c.o)
PM_Handler                                        C:\Users\user\AppData\Local\Temp\VMicroBuilds\sketch\arduino_zero_native/core.a(cortex_handlers.c.o)
PTC_Handler                                       C:\Users\user\AppData\Local\Temp\VMicroBuilds\sketch\arduino_zero_native/core.a(cortex_handlers.c.o)
PendSV_Handler                                    C:\Users\user\AppData\Local\Temp\VMicroBuilds\sketch\arduino_zero_native/core.a(cortex_handlers.c.o)
PluggableUSB()                                    C:\Users\user\AppData\Local\Temp\VMicroBuilds\sketch\arduino_zero_native/core.a(PluggableUSB.cpp.o)
                                                  C:\Users\user\AppData\Local\Temp\VMicroBuilds\sketch\arduino_zero_native/core.a(USBCore.cpp.o)
PluggableUSB_::PluggableUSB_()                    C:\Users\user\AppData\Local\Temp\VMicroBuilds\sketch\arduino_zero_native/core.a(PluggableUSB.cpp.o)
PluggableUSB_::PluggableUSB_()                    C:\Users\user\AppData\Local\Temp\VMicroBuilds\sketch\arduino_zero_native/core.a(PluggableUSB.cpp.o)
PluggableUSB_::getDescriptor(USBSetup&)           C:\Users\user\AppData\Local\Temp\VMicroBuilds\sketch\arduino_zero_native/core.a(PluggableUSB.cpp.o)
                                                  C:\Users\user\AppData\Local\Temp\VMicroBuilds\sketch\arduino_zero_native/core.a(USBCore.cpp.o)
PluggableUSB_::getInterface(unsigned char*)       C:\Users\user\AppData\Local\Temp\VMicroBuilds\sketch\arduino_zero_native/core.a(PluggableUSB.cpp.o)
                                                  C:\Users\user\AppData\Local\Temp\VMicroBuilds\sketch\arduino_zero_native/core.a(USBCore.cpp.o)
PluggableUSB_::getShortName(char*)                C:\Users\user\AppData\Local\Temp\VMicroBuilds\sketch\arduino_zero_native/core.a(PluggableUSB.cpp.o)
                                                  C:\Users\user\AppData\Local\Temp\VMicroBuilds\sketch\arduino_zero_native/core.a(USBCore.cpp.o)
PluggableUSB_::plug(PluggableUSBModule*)          C:\Users\user\AppData\Local\Temp\VMicroBuilds\sketch\arduino_zero_native/core.a(PluggableUSB.cpp.o)
PluggableUSB_::setup(USBSetup&)                   C:\Users\user\AppData\Local\Temp\VMicroBuilds\sketch\arduino_zero_native/core.a(PluggableUSB.cpp.o)
                                                  C:\Users\user\AppData\Local\Temp\VMicroBuilds\sketch\arduino_zero_native/core.a(USBCore.cpp.o)
Print::print(Printable const&)                    C:\Users\user\AppData\Local\Temp\VMicroBuilds\sketch\arduino_zero_native/core.a(Print.cpp.o)
Print::print(String const&)                       C:\Users\user\AppData\Local\Temp\VMicroBuilds\sketch\arduino_zero_native/core.a(Print.cpp.o)
Print::print(__FlashStringHelper const*)          C:\Users\user\AppData\Local\Temp\VMicroBuilds\sketch\arduino_zero_native/core.a(Print.cpp.o)
Print::print(char const*)                         C:\Users\user\AppData\Local\Temp\VMicroBuilds\sketch\arduino_zero_native/core.a(Print.cpp.o)
Print::print(char)                                C:\Users\user\AppData\Local\Temp\VMicroBuilds\sketch\arduino_zero_native/core.a(Print.cpp.o)
Print::print(double, int)                         C:\Users\user\AppData\Local\Temp\VMicroBuilds\sketch\arduino_zero_native/core.a(Print.cpp.o)
Print::print(int, int)                            C:\Users\user\AppData\Local\Temp\VMicroBuilds\sketch\arduino_zero_native/core.a(Print.cpp.o)
Print::print(long, int)                           C:\Users\user\AppData\Local\Temp\VMicroBuilds\sketch\arduino_zero_native/core.a(Print.cpp.o)
Print::print(unsigned char, int)                  C:\Users\user\AppData\Local\Temp\VMicroBuilds\sketch\arduino_zero_native/core.a(Print.cpp.o)
Print::print(unsigned int, int)                   C:\Users\user\AppData\Local\Temp\VMicroBuilds\sketch\arduino_zero_native/core.a(Print.cpp.o)
Print::print(unsigned long, int)                  C:\Users\user\AppData\Local\Temp\VMicroBuilds\sketch\arduino_zero_native/core.a(Print.cpp.o)
Print::printFloat(double, unsigned char)          C:\Users\user\AppData\Local\Temp\VMicroBuilds\sketch\arduino_zero_native/core.a(Print.cpp.o)
Print::printNumber(unsigned long, unsigned char)  C:\Users\user\AppData\Local\Temp\VMicroBuilds\sketch\arduino_zero_native/core.a(Print.cpp.o)
Print::println()                                  C:\Users\user\AppData\Local\Temp\VMicroBuilds\sketch\arduino_zero_native/core.a(Print.cpp.o)
Print::println(Printable const&)                  C:\Users\user\AppData\Local\Temp\VMicroBuilds\sketch\arduino_zero_native/core.a(Print.cpp.o)
Print::println(String const&)                     C:\Users\user\AppData\Local\Temp\VMicroBuilds\sketch\arduino_zero_native/core.a(Print.cpp.o)
Print::println(__FlashStringHelper const*)        C:\Users\user\AppData\Local\Temp\VMicroBuilds\sketch\arduino_zero_native/core.a(Print.cpp.o)
Print::println(char const*)                       C:\Users\user\AppData\Local\Temp\VMicroBuilds\sketch\arduino_zero_native/core.a(Print.cpp.o)
                                                  C:\Users\user\AppData\Local\Temp\VMicroBuilds\sketch\arduino_zero_native\sketch.cpp.o
Print::println(char)                              C:\Users\user\AppData\Local\Temp\VMicroBuilds\sketch\arduino_zero_native/core.a(Print.cpp.o)
Print::println(double, int)                       C:\Users\user\AppData\Local\Temp\VMicroBuilds\sketch\arduino_zero_native/core.a(Print.cpp.o)
Print::println(int, int)                          C:\Users\user\AppData\Local\Temp\VMicroBuilds\sketch\arduino_zero_native/core.a(Print.cpp.o)
Print::println(long, int)                         C:\Users\user\AppData\Local\Temp\VMicroBuilds\sketch\arduino_zero_native/core.a(Print.cpp.o)
Print::println(unsigned char, int)                C:\Users\user\AppData\Local\Temp\VMicroBuilds\sketch\arduino_zero_native/core.a(Print.cpp.o)
Print::println(unsigned int, int)                 C:\Users\user\AppData\Local\Temp\VMicroBuilds\sketch\arduino_zero_native/core.a(Print.cpp.o)
Print::println(unsigned long, int)                C:\Users\user\AppData\Local\Temp\VMicroBuilds\sketch\arduino_zero_native/core.a(Print.cpp.o)
Print::write(char const*)                         C:\Users\user\AppData\Local\Temp\VMicroBuilds\sketch\arduino_zero_native/core.a(Print.cpp.o)
Print::write(unsigned char const*, unsigned int)  C:\Users\user\AppData\Local\Temp\VMicroBuilds\sketch\arduino_zero_native/core.a(Print.cpp.o)
                                                  C:\Users\user\AppData\Local\Temp\VMicroBuilds\sketch\arduino_zero_native/core.a(Uart.cpp.o)
RTC_Handler                                       C:\Users\user\AppData\Local\Temp\VMicroBuilds\sketch\arduino_zero_native/core.a(cortex_handlers.c.o)
Reset_Handler                                     C:\Users\user\AppData\Local\Temp\VMicroBuilds\sketch\arduino_zero_native/core.a(cortex_handlers.c.o)
RingBuffer::RingBuffer()                          C:\Users\user\AppData\Local\Temp\VMicroBuilds\sketch\arduino_zero_native/core.a(RingBuffer.cpp.o)
RingBuffer::RingBuffer()                          C:\Users\user\AppData\Local\Temp\VMicroBuilds\sketch\arduino_zero_native/core.a(RingBuffer.cpp.o)
                                                  C:\Users\user\AppData\Local\Temp\VMicroBuilds\sketch\arduino_zero_native/core.a(Uart.cpp.o)
RingBuffer::available()                           C:\Users\user\AppData\Local\Temp\VMicroBuilds\sketch\arduino_zero_native/core.a(RingBuffer.cpp.o)
                                                  C:\Users\user\AppData\Local\Temp\VMicroBuilds\sketch\arduino_zero_native/core.a(Uart.cpp.o)
RingBuffer::clear()                               C:\Users\user\AppData\Local\Temp\VMicroBuilds\sketch\arduino_zero_native/core.a(RingBuffer.cpp.o)
                                                  C:\Users\user\AppData\Local\Temp\VMicroBuilds\sketch\arduino_zero_native/core.a(Uart.cpp.o)
RingBuffer::isFull()                              C:\Users\user\AppData\Local\Temp\VMicroBuilds\sketch\arduino_zero_native/core.a(RingBuffer.cpp.o)
RingBuffer::nextIndex(int)                        C:\Users\user\AppData\Local\Temp\VMicroBuilds\sketch\arduino_zero_native/core.a(RingBuffer.cpp.o)
RingBuffer::peek()                                C:\Users\user\AppData\Local\Temp\VMicroBuilds\sketch\arduino_zero_native/core.a(RingBuffer.cpp.o)
                                                  C:\Users\user\AppData\Local\Temp\VMicroBuilds\sketch\arduino_zero_native/core.a(Uart.cpp.o)
RingBuffer::read_char()                           C:\Users\user\AppData\Local\Temp\VMicroBuilds\sketch\arduino_zero_native/core.a(RingBuffer.cpp.o)
                                                  C:\Users\user\AppData\Local\Temp\VMicroBuilds\sketch\arduino_zero_native/core.a(Uart.cpp.o)
RingBuffer::store_char(unsigned char)             C:\Users\user\AppData\Local\Temp\VMicroBuilds\sketch\arduino_zero_native/core.a(RingBuffer.cpp.o)
                                                  C:\Users\user\AppData\Local\Temp\VMicroBuilds\sketch\arduino_zero_native/core.a(Uart.cpp.o)
SERCOM0_Handler                                   C:\Users\user\AppData\Local\Temp\VMicroBuilds\sketch\arduino_zero_native/core.a(variant.cpp.o)
                                                  C:\Users\user\AppData\Local\Temp\VMicroBuilds\sketch\arduino_zero_native/core.a(cortex_handlers.c.o)
SERCOM1_Handler                                   C:\Users\user\AppData\Local\Temp\VMicroBuilds\sketch\arduino_zero_native/core.a(cortex_handlers.c.o)
SERCOM2_Handler                                   C:\Users\user\AppData\Local\Temp\VMicroBuilds\sketch\arduino_zero_native/core.a(cortex_handlers.c.o)
SERCOM3_Handler                                   C:\Users\user\AppData\Local\Temp\VMicroBuilds\sketch\arduino_zero_native/core.a(cortex_handlers.c.o)
SERCOM4_Handler                                   C:\Users\user\AppData\Local\Temp\VMicroBuilds\sketch\arduino_zero_native/core.a(cortex_handlers.c.o)
SERCOM5_Handler                                   C:\Users\user\AppData\Local\Temp\VMicroBuilds\sketch\arduino_zero_native/core.a(variant.cpp.o)
                                                  C:\Users\user\AppData\Local\Temp\VMicroBuilds\sketch\arduino_zero_native/core.a(cortex_handlers.c.o)
SERCOM::SERCOM(Sercom*)                           C:\Users\user\AppData\Local\Temp\VMicroBuilds\sketch\arduino_zero_native/core.a(SERCOM.cpp.o)
                                                  C:\Users\user\AppData\Local\Temp\VMicroBuilds\sketch\arduino_zero_native/core.a(variant.cpp.o)
SERCOM::SERCOM(Sercom*)                           C:\Users\user\AppData\Local\Temp\VMicroBuilds\sketch\arduino_zero_native/core.a(SERCOM.cpp.o)
SERCOM::acknowledgeUARTError()                    C:\Users\user\AppData\Local\Temp\VMicroBuilds\sketch\arduino_zero_native/core.a(SERCOM.cpp.o)
                                                  C:\Users\user\AppData\Local\Temp\VMicroBuilds\sketch\arduino_zero_native/core.a(Uart.cpp.o)
SERCOM::availableDataUART()                       C:\Users\user\AppData\Local\Temp\VMicroBuilds\sketch\arduino_zero_native/core.a(SERCOM.cpp.o)
                                                  C:\Users\user\AppData\Local\Temp\VMicroBuilds\sketch\arduino_zero_native/core.a(Uart.cpp.o)
SERCOM::availableWIRE()                           C:\Users\user\AppData\Local\Temp\VMicroBuilds\sketch\arduino_zero_native/core.a(SERCOM.cpp.o)
SERCOM::calculateBaudrateSynchronous(unsigned long) C:\Users\user\AppData\Local\Temp\VMicroBuilds\sketch\arduino_zero_native/core.a(SERCOM.cpp.o)
SERCOM::clearStatusUART()                         C:\Users\user\AppData\Local\Temp\VMicroBuilds\sketch\arduino_zero_native/core.a(SERCOM.cpp.o)
                                                  C:\Users\user\AppData\Local\Temp\VMicroBuilds\sketch\arduino_zero_native/core.a(Uart.cpp.o)
SERCOM::disableSPI()                              C:\Users\user\AppData\Local\Temp\VMicroBuilds\sketch\arduino_zero_native/core.a(SERCOM.cpp.o)
SERCOM::disableWIRE()                             C:\Users\user\AppData\Local\Temp\VMicroBuilds\sketch\arduino_zero_native/core.a(SERCOM.cpp.o)
SERCOM::enableSPI()                               C:\Users\user\AppData\Local\Temp\VMicroBuilds\sketch\arduino_zero_native/core.a(SERCOM.cpp.o)
SERCOM::enableUART()                              C:\Users\user\AppData\Local\Temp\VMicroBuilds\sketch\arduino_zero_native/core.a(SERCOM.cpp.o)
                                                  C:\Users\user\AppData\Local\Temp\VMicroBuilds\sketch\arduino_zero_native/core.a(Uart.cpp.o)
SERCOM::enableWIRE()                              C:\Users\user\AppData\Local\Temp\VMicroBuilds\sketch\arduino_zero_native/core.a(SERCOM.cpp.o)
SERCOM::flushUART()                               C:\Users\user\AppData\Local\Temp\VMicroBuilds\sketch\arduino_zero_native/core.a(SERCOM.cpp.o)
                                                  C:\Users\user\AppData\Local\Temp\VMicroBuilds\sketch\arduino_zero_native/core.a(Uart.cpp.o)
SERCOM::getDataOrderSPI()                         C:\Users\user\AppData\Local\Temp\VMicroBuilds\sketch\arduino_zero_native/core.a(SERCOM.cpp.o)
SERCOM::initClockNVIC()                           C:\Users\user\AppData\Local\Temp\VMicroBuilds\sketch\arduino_zero_native/core.a(SERCOM.cpp.o)
SERCOM::initFrame(SercomUartCharSize, SercomDataOrder, SercomParityMode, SercomNumberStopBit) C:\Users\user\AppData\Local\Temp\VMicroBuilds\sketch\arduino_zero_native/core.a(SERCOM.cpp.o)
                                                  C:\Users\user\AppData\Local\Temp\VMicroBuilds\sketch\arduino_zero_native/core.a(Uart.cpp.o)
SERCOM::initMasterWIRE(unsigned long)             C:\Users\user\AppData\Local\Temp\VMicroBuilds\sketch\arduino_zero_native/core.a(SERCOM.cpp.o)
SERCOM::initPads(SercomUartTXPad, SercomRXPad)    C:\Users\user\AppData\Local\Temp\VMicroBuilds\sketch\arduino_zero_native/core.a(SERCOM.cpp.o)
                                                  C:\Users\user\AppData\Local\Temp\VMicroBuilds\sketch\arduino_zero_native/core.a(Uart.cpp.o)
SERCOM::initSPI(SercomSpiTXPad, SercomRXPad, SercomSpiCharSize, SercomDataOrder) C:\Users\user\AppData\Local\Temp\VMicroBuilds\sketch\arduino_zero_native/core.a(SERCOM.cpp.o)
SERCOM::initSPIClock(SercomSpiClockMode, unsigned long) C:\Users\user\AppData\Local\Temp\VMicroBuilds\sketch\arduino_zero_native/core.a(SERCOM.cpp.o)